\BOOKMARK [0][-]{chapter*.1}{\376\377\144\130\211\201}{}% 1
\BOOKMARK [0][-]{chapter*.2}{\376\377\000A\000b\000s\000t\000r\000a\000c\000t}{}% 2
\BOOKMARK [0][-]{toc.0}{\376\377\166\356\137\125}{}% 3
\BOOKMARK [0][-]{chapter*.4}{\376\377\143\322\126\376\166\356\137\125}{}% 4
\BOOKMARK [0][-]{chapter*.5}{\376\377\210\150\150\074\166\356\137\125}{}% 5
\BOOKMARK [0][-]{chapter*.6}{\376\377\116\073\211\201\173\046\123\367\133\371\161\147\210\150}{}% 6
\BOOKMARK [0][-]{chapter.1}{\376\377\0001\000\040\176\352\213\272}{}% 7
\BOOKMARK [1][-]{section.1.1}{\376\377\0001\000.\0001\000\040\155\265\220\123\137\017\145\340\116\272\147\072\166\204\170\024\172\166\200\314\146\157}{chapter.1}% 8
\BOOKMARK [1][-]{section.1.2}{\376\377\0001\000.\0002\000\040\155\265\220\123\137\017\145\340\116\272\147\072\166\204\170\024\172\166\123\206\123\362\124\214\163\260\162\266}{chapter.1}% 9
\BOOKMARK [2][-]{subsection.1.2.1}{\376\377\0001\000.\0002\000.\0001\000\040\155\265\220\123\137\017\145\340\116\272\147\072\166\204\154\024\122\250\123\302\145\160\217\250\213\306}{section.1.2}% 10
\BOOKMARK [2][-]{subsection.1.2.2}{\376\377\0001\000.\0002\000.\0002\000\040\155\265\220\123\137\017\145\340\116\272\147\072\166\204\127\060\227\142\145\110\136\224}{section.1.2}% 11
\BOOKMARK [2][-]{subsection.1.2.3}{\376\377\0001\000.\0002\000.\0003\000\040\155\265\220\123\137\017\145\340\116\272\147\072\166\204\230\336\210\114\143\247\122\066}{section.1.2}% 12
\BOOKMARK [1][-]{section.1.3}{\376\377\0001\000.\0003\000\040\147\054\145\207\166\204\116\073\211\201\121\205\133\271\116\345\123\312\172\340\202\202\133\211\143\222}{chapter.1}% 13
\BOOKMARK [0][-]{chapter.2}{\376\377\0002\000\040\134\017\127\213\155\265\220\123\137\017\145\340\116\272\147\072\166\204\174\373\176\337\147\204\142\020\116\016\136\372\152\041}{}% 14
\BOOKMARK [1][-]{section.2.1}{\376\377\0002\000.\0001\000\040\155\265\220\123\137\017\145\340\116\272\147\072\166\204\174\373\176\337\147\204\142\020}{chapter.2}% 15
\BOOKMARK [2][-]{subsection.2.1.1}{\376\377\0002\000.\0001\000.\0001\000\040\147\072\117\123\176\323\147\204}{section.2.1}% 16
\BOOKMARK [2][-]{subsection.2.1.2}{\376\377\0002\000.\0001\000.\0002\000\040\147\072\165\065\143\247\122\066\174\373\176\337}{section.2.1}% 17
\BOOKMARK [2][-]{subsection.2.1.3}{\376\377\0002\000.\0001\000.\0003\000\040\172\013\136\217\213\276\213\241}{section.2.1}% 18
\BOOKMARK [1][-]{section.2.2}{\376\377\0002\000.\0002\000\040\127\120\150\007\174\373\166\204\133\232\116\111}{chapter.2}% 19
\BOOKMARK [2][-]{subsection.2.2.1}{\376\377\0002\000.\0002\000.\0001\000\040\127\060\227\142\127\120\150\007\174\373}{section.2.2}% 20
\BOOKMARK [2][-]{subsection.2.2.2}{\376\377\0002\000.\0002\000.\0002\000\040\147\072\117\123\127\120\150\007\174\373}{section.2.2}% 21
\BOOKMARK [2][-]{subsection.2.2.3}{\376\377\0002\000.\0002\000.\0003\000\040\127\120\150\007\174\373\116\113\225\364\166\204\145\313\217\154\121\163\174\373}{section.2.2}% 22
\BOOKMARK [1][-]{section.2.3}{\376\377\0002\000.\0003\000\040\217\320\122\250\133\146\152\041\127\213}{chapter.2}% 23
\BOOKMARK [1][-]{section.2.4}{\376\377\0002\000.\0004\000\040\122\250\122\233\133\146\152\041\127\213}{chapter.2}% 24
\BOOKMARK [1][-]{section.2.5}{\376\377\0002\000.\0005\000\040\155\265\220\123\137\017\145\340\116\272\147\072\123\327\122\233\122\006\147\220}{chapter.2}% 25
\BOOKMARK [2][-]{subsection.2.5.1}{\376\377\0002\000.\0005\000.\0001\000\040\155\265\220\123\230\316\142\107\122\250\122\233\133\146}{section.2.5}% 26
\BOOKMARK [2][-]{subsection.2.5.2}{\376\377\0002\000.\0005\000.\0002\000\040\123\315\142\155\167\351\211\137\177\374\122\250\122\233\133\146}{section.2.5}% 27
\BOOKMARK [2][-]{subsection.2.5.3}{\376\377\0002\000.\0005\000.\0003\000\040\143\247\122\066\202\065\227\142\122\250\122\233\133\146}{section.2.5}% 28
\BOOKMARK [2][-]{subsection.2.5.4}{\376\377\0002\000.\0005\000.\0004\000\040\155\265\220\123\145\340\116\272\147\072\123\327\122\233\122\006\147\220\140\073\176\323}{section.2.5}% 29
\BOOKMARK [1][-]{section.2.6}{\376\377\0002\000.\0006\000\040\133\236\232\214\150\067\147\072}{chapter.2}% 30
\BOOKMARK [1][-]{section.2.7}{\376\377\0002\000.\0007\000\040\147\054\172\340\134\017\176\323}{chapter.2}% 31
\BOOKMARK [0][-]{chapter.3}{\376\377\0003\000\040\155\265\220\123\137\017\145\340\116\272\147\072\166\204\154\024\122\250\123\302\145\160\217\250\213\306}{}% 32
\BOOKMARK [1][-]{section.3.1}{\376\377\0003\000.\0001\000\040\142\151\134\125\123\141\134\024\146\374\156\344\154\342\126\150\164\006\213\272}{chapter.3}% 33
\BOOKMARK [2][-]{subsection.3.1.1}{\376\377\0003\000.\0001\000.\0001\000\040\152\041\127\213\136\372\172\313}{section.3.1}% 34
\BOOKMARK [2][-]{subsection.3.1.2}{\376\377\0003\000.\0001\000.\0002\000\040\176\277\140\047\123\026\217\321\117\074}{section.3.1}% 35
\BOOKMARK [2][-]{subsection.3.1.3}{\376\377\0003\000.\0001\000.\0003\000\040\220\022\143\250\146\364\145\260}{section.3.1}% 36
\BOOKMARK [1][-]{section.3.2}{\376\377\0003\000.\0002\000\040\127\372\116\216\142\151\134\125\123\141\134\024\146\374\156\344\154\342\126\150\166\204\152\041\127\213\123\302\145\160\217\250\213\306\173\227\154\325}{chapter.3}% 37
\BOOKMARK [2][-]{subsection.3.2.1}{\376\377\0003\000.\0002\000.\0001\000\040\152\041\127\213\173\200\123\026}{section.3.2}% 38
\BOOKMARK [2][-]{subsection.3.2.2}{\376\377\0003\000.\0002\000.\0002\000\040\137\205\117\060\123\302\145\160\220\011\123\326}{section.3.2}% 39
\BOOKMARK [2][-]{subsection.3.2.3}{\376\377\0003\000.\0002\000.\0003\000\040\162\266\140\001\172\172\225\364\145\271\172\013\124\214\211\302\155\113\145\271\172\013}{section.3.2}% 40
\BOOKMARK [2][-]{subsection.3.2.4}{\376\377\0003\000.\0002\000.\0004\000\040\123\357\217\250\213\306\140\047\122\006\147\220}{section.3.2}% 41
\BOOKMARK [2][-]{subsection.3.2.5}{\376\377\0003\000.\0002\000.\0005\000\040\176\277\140\047\123\026\217\321\117\074}{section.3.2}% 42
\BOOKMARK [2][-]{subsection.3.2.6}{\376\377\0003\000.\0002\000.\0006\000\040\217\355\116\343\155\101\172\013}{section.3.2}% 43
\BOOKMARK [1][-]{section.3.3}{\376\377\0003\000.\0003\000\040\116\377\167\037\133\236\232\214}{chapter.3}% 44
\BOOKMARK [2][-]{subsection.3.3.1}{\376\377\0003\000.\0003\000.\0001\000\040\116\377\167\037\133\236\232\214\163\257\130\203\144\055\136\372}{section.3.3}% 45
\BOOKMARK [2][-]{subsection.3.3.2}{\376\377\0003\000.\0003\000.\0002\000\040\123\302\145\160\167\037\120\074\116\016\122\035\131\313\117\060\213\241}{section.3.3}% 46
\BOOKMARK [2][-]{subsection.3.3.3}{\376\377\0003\000.\0003\000.\0003\000\040\156\344\154\342\126\150\123\302\145\160\221\115\177\156}{section.3.3}% 47
\BOOKMARK [2][-]{subsection.3.3.4}{\376\377\0003\000.\0003\000.\0004\000\040\116\377\167\037\133\236\232\214\176\323\147\234\122\006\147\220}{section.3.3}% 48
\BOOKMARK [1][-]{section.3.4}{\376\377\0003\000.\0004\000\040\133\236\226\105\230\336\210\114\213\325\232\214}{chapter.3}% 49
\BOOKMARK [2][-]{subsection.3.4.1}{\376\377\0003\000.\0004\000.\0001\000\040\123\302\145\160\167\037\120\074\116\016\122\035\131\313\117\060\213\241}{section.3.4}% 50
\BOOKMARK [2][-]{subsection.3.4.2}{\376\377\0003\000.\0004\000.\0002\000\040\156\344\154\342\126\150\123\302\145\160\221\115\177\156}{section.3.4}% 51
\BOOKMARK [2][-]{subsection.3.4.3}{\376\377\0003\000.\0004\000.\0003\000\040\133\236\226\105\230\336\210\114\213\325\232\214\176\323\147\234\122\006\147\220}{section.3.4}% 52
\BOOKMARK [1][-]{section.3.5}{\376\377\0003\000.\0005\000\040\152\041\127\213\133\236\226\105\230\336\210\114\232\214\213\301}{chapter.3}% 53
\BOOKMARK [2][-]{subsection.3.5.1}{\376\377\0003\000.\0005\000.\0001\000\040\133\236\232\214\153\145\232\244}{section.3.5}% 54
\BOOKMARK [2][-]{subsection.3.5.2}{\376\377\0003\000.\0005\000.\0002\000\040\133\236\232\214\176\323\147\234\116\016\122\006\147\220}{section.3.5}% 55
\BOOKMARK [1][-]{section.3.6}{\376\377\0003\000.\0006\000\040\147\054\172\340\134\017\176\323}{chapter.3}% 56
\BOOKMARK [0][-]{chapter.4}{\376\377\0004\000\040\155\265\220\123\137\017\145\340\116\272\147\072\127\060\227\142\145\110\136\224\136\372\152\041\116\016\217\250\213\306}{}% 57
\BOOKMARK [1][-]{section.4.1}{\376\377\0004\000.\0001\000\040\152\041\127\213\136\372\172\313}{chapter.4}% 58
\BOOKMARK [2][-]{subsection.4.1.1}{\376\377\0004\000.\0001\000.\0001\000\040\143\250\122\233\152\041\127\213}{section.4.1}% 59
\BOOKMARK [2][-]{subsection.4.1.2}{\376\377\0004\000.\0001\000.\0002\000\040\143\247\122\066\202\065\227\142\120\117\217\154\122\233\152\041\127\213}{section.4.1}% 60
\BOOKMARK [1][-]{section.4.2}{\376\377\0004\000.\0002\000\040\133\236\232\214\136\163\123\360}{chapter.4}% 61
\BOOKMARK [1][-]{section.4.3}{\376\377\0004\000.\0003\000\040\127\060\227\142\145\110\136\224\116\013\155\265\220\123\230\316\142\107\143\250\122\233\152\041\127\213\217\250\213\306}{chapter.4}% 62
\BOOKMARK [2][-]{subsection.4.3.1}{\376\377\0004\000.\0003\000.\0001\000\040\133\236\232\214\153\145\232\244}{section.4.3}% 63
\BOOKMARK [2][-]{subsection.4.3.2}{\376\377\0004\000.\0003\000.\0002\000\040\133\236\232\214\145\160\143\156}{section.4.3}% 64
\BOOKMARK [2][-]{subsection.4.3.3}{\376\377\0004\000.\0003\000.\0003\000\040\123\302\145\160\142\337\124\010}{section.4.3}% 65
\BOOKMARK [1][-]{section.4.4}{\376\377\0004\000.\0004\000\040\127\060\227\142\145\110\136\224\116\013\143\247\122\066\202\065\227\142\120\117\217\154\122\233\152\041\127\213\217\250\213\306}{chapter.4}% 66
\BOOKMARK [2][-]{subsection.4.4.1}{\376\377\0004\000.\0004\000.\0001\000\040\133\236\232\214\153\145\232\244}{section.4.4}% 67
\BOOKMARK [2][-]{subsection.4.4.2}{\376\377\0004\000.\0004\000.\0002\000\040\133\236\232\214\145\160\143\156}{section.4.4}% 68
\BOOKMARK [2][-]{subsection.4.4.3}{\376\377\0004\000.\0004\000.\0003\000\040\123\302\145\160\142\337\124\010}{section.4.4}% 69
\BOOKMARK [1][-]{section.4.5}{\376\377\0004\000.\0005\000\040\147\054\172\340\134\017\176\323}{chapter.4}% 70
\BOOKMARK [0][-]{chapter.5}{\376\377\0005\000\040\155\265\220\123\137\017\145\340\116\272\147\072\142\227\142\160\143\247\122\066}{}% 71
\BOOKMARK [1][-]{section.5.1}{\376\377\0005\000.\0001\000\040\155\265\220\123\137\017\145\340\116\272\147\072\166\204\143\247\122\066\122\006\221\115\126\150\166\204\213\276\213\241}{chapter.5}% 72
\BOOKMARK [1][-]{section.5.2}{\376\377\0005\000.\0002\000\040\155\265\220\123\137\017\145\340\116\272\147\072\166\204\000P\000I\000D\143\247\122\066\126\150\213\276\213\241}{chapter.5}% 73
\BOOKMARK [2][-]{subsection.5.2.1}{\376\377\0005\000.\0002\000.\0001\000\040\121\205\163\257\143\247\122\066\126\150}{section.5.2}% 74
\BOOKMARK [2][-]{subsection.5.2.2}{\376\377\0005\000.\0002\000.\0002\000\040\131\026\163\257\143\247\122\066\126\150}{section.5.2}% 75
\BOOKMARK [1][-]{section.5.3}{\376\377\0005\000.\0003\000\040\127\060\227\142\145\110\136\224\143\247\122\066\210\145\120\177}{chapter.5}% 76
\BOOKMARK [2][-]{subsection.5.3.1}{\376\377\0005\000.\0003\000.\0001\000\040\143\250\122\233\210\145\120\177\145\110\147\234\133\236\232\214}{section.5.3}% 77
\BOOKMARK [2][-]{subsection.5.3.2}{\376\377\0005\000.\0003\000.\0002\000\040\143\247\122\066\202\065\227\142\120\117\217\154\122\233\210\145\120\177\145\110\147\234\133\236\232\214}{section.5.3}% 78
\BOOKMARK [1][-]{section.5.4}{\376\377\0005\000.\0004\000\040\155\265\220\123\137\017\145\340\116\272\147\072\127\060\227\142\145\110\136\224\142\227\142\160\143\247\122\066}{chapter.5}% 79
\BOOKMARK [2][-]{subsection.5.4.1}{\376\377\0005\000.\0004\000.\0001\000\040\232\330\136\246\117\115\177\156\226\066\215\303\124\315\136\224\133\236\232\214\153\145\232\244}{section.5.4}% 80
\BOOKMARK [2][-]{subsection.5.4.2}{\376\377\0005\000.\0004\000.\0002\000\040\232\330\136\246\117\115\177\156\226\066\215\303\124\315\136\224\133\236\232\214\145\160\143\156\122\006\147\220}{section.5.4}% 81
\BOOKMARK [2][-]{subsection.5.4.3}{\376\377\0005\000.\0004\000.\0003\000\040\120\117\202\052\211\322\226\066\215\303\124\315\136\224\133\236\232\214\153\145\232\244}{section.5.4}% 82
\BOOKMARK [2][-]{subsection.5.4.4}{\376\377\0005\000.\0004\000.\0004\000\040\120\117\202\052\211\322\226\066\215\303\124\315\136\224\133\236\232\214\145\160\143\156\122\006\147\220}{section.5.4}% 83
\BOOKMARK [1][-]{section.5.5}{\376\377\0005\000.\0005\000\040\227\136\176\277\140\047\122\250\140\001\220\006\143\247\122\066\126\150}{chapter.5}% 84
\BOOKMARK [2][-]{subsection.5.5.1}{\376\377\0005\000.\0005\000.\0001\000\040\000N\000D\000I\143\247\122\066\126\150\116\313\176\315}{section.5.5}% 85
\BOOKMARK [1][-]{section.5.6}{\376\377\0005\000.\0006\000\040\000I\000N\000D\000I\143\247\122\066\126\150\116\016\000N\000D\000I\143\247\122\066\126\150\133\371\153\324\133\236\232\214}{chapter.5}% 86
\BOOKMARK [2][-]{subsection.5.6.1}{\376\377\0005\000.\0006\000.\0001\000\040\133\236\232\214\213\276\213\241}{section.5.6}% 87
\BOOKMARK [2][-]{subsection.5.6.2}{\376\377\0005\000.\0006\000.\0002\000\040\145\160\143\156\122\006\147\220}{section.5.6}% 88
\BOOKMARK [1][-]{section.5.7}{\376\377\0005\000.\0007\000\040\147\054\172\340\134\017\176\323}{chapter.5}% 89
\BOOKMARK [0][-]{chapter*.73}{\376\377\140\073\176\323\116\016\134\125\147\033}{}% 90
\BOOKMARK [0][-]{section*.74}{\376\377\123\302\200\003\145\207\163\056}{}% 91
\BOOKMARK [0][-]{chapter*.76}{\376\377\226\104\137\125}{}% 92
\BOOKMARK [1][-]{section.1.1}{\376\377\0001\000.\0001\000\040\116\000\226\066\147\116\133\374\145\160\133\371\162\266\140\001\221\317\120\117\133\374}{chapter*.76}% 93
\BOOKMARK [0][-]{chapter*.77}{\376\377\145\073\213\373\170\125\130\353\133\146\117\115\147\037\225\364\123\326\137\227\166\204\170\024\172\166\142\020\147\234}{}% 94
