This is XeTeX, Version 3.141592653-2.6-0.999995 (MiKTeX 24.1) (preloaded format=xelatex 2025.12.20)  15 APR 2026 12:09
entering extended mode
 restricted \write18 enabled.
 %&-line parsing enabled.
**./main.TEX
(main.TEX
LaTeX2e <2023-11-01> patch level 1
L3 programming layer <2024-01-04>
(scut_thesis/scutthesis.cls

LaTeX Warning: You have requested document class `scut_thesis/scutthesis',
               but the document class provides `scutthesis'.

Document Class: scutthesis 2011/03/31 2.0.1 The LaTeX class for the thesis of S
outh China University of Technology
(D:\Program Files\MiKTeX\tex/latex/base\book.cls
Document Class: book 2023/05/17 v1.4n Standard LaTeX document class
(D:\Program Files\MiKTeX\tex/latex/base\bk12.clo
File: bk12.clo 2023/05/17 v1.4n Standard LaTeX file (size option)
)
\c@part=\count183
\c@chapter=\count184
\c@section=\count185
\c@subsection=\count186
\c@subsubsection=\count187
\c@paragraph=\count188
\c@subparagraph=\count189
\c@figure=\count190
\c@table=\count191
\abovecaptionskip=\skip48
\belowcaptionskip=\skip49
\bibindent=\dimen140
)
(D:\Program Files\MiKTeX\tex/generic/iftex\ifpdf.sty
Package: ifpdf 2019/10/25 v3.4 ifpdf legacy package. Use iftex instead.

(D:\Program Files\MiKTeX\tex/generic/iftex\iftex.sty
Package: iftex 2022/02/03 v1.0f TeX engine tests
))
(D:\Program Files\MiKTeX\tex/latex/base\ifthen.sty
Package: ifthen 2022/04/13 v1.1d Standard LaTeX ifthen package (DPC)
)
(D:\Program Files\MiKTeX\tex/latex/graphics\keyval.sty
Package: keyval 2022/05/29 v1.15 key=value parser (DPC)
\KV@toks@=\toks17
)
(D:\Program Files\MiKTeX\tex/latex/xcolor\xcolor.sty
Package: xcolor 2023/11/15 v3.01 LaTeX color extensions (UK)

(D:\Program Files\MiKTeX\tex/latex/graphics-cfg\color.cfg
File: color.cfg 2016/01/02 v1.6 sample color configuration
)
Package xcolor Info: Driver file: xetex.def on input line 274.

(D:\Program Files\MiKTeX\tex/latex/graphics-def\xetex.def
File: xetex.def 2022/09/22 v5.0n Graphics/color driver for xetex
)
(D:\Program Files\MiKTeX\tex/latex/graphics\mathcolor.ltx)
Package xcolor Info: Model `cmy' substituted by `cmy0' on input line 1350.
Package xcolor Info: Model `RGB' extended on input line 1366.
Package xcolor Info: Model `HTML' substituted by `rgb' on input line 1368.
Package xcolor Info: Model `Hsb' substituted by `hsb' on input line 1369.
Package xcolor Info: Model `tHsb' substituted by `hsb' on input line 1370.
Package xcolor Info: Model `HSB' substituted by `hsb' on input line 1371.
Package xcolor Info: Model `Gray' substituted by `gray' on input line 1372.
Package xcolor Info: Model `wave' substituted by `hsb' on input line 1373.
)
(D:\Program Files\MiKTeX\tex/latex/graphics\dvipsnam.def
File: dvipsnam.def 2016/06/17 v3.0m Driver-dependent file (DPC,SPQR)
)
(D:\Program Files\MiKTeX\tex/latex/tools\indentfirst.sty
Package: indentfirst 2023/07/02 v1.03 Indent first paragraph (DPC)
)
(D:\Program Files\MiKTeX\tex/latex/base\makeidx.sty
Package: makeidx 2021/10/04 v1.0m Standard LaTeX package
)
(D:\Program Files\MiKTeX\tex/latex/amsmath\amsmath.sty
Package: amsmath 2023/05/13 v2.17o AMS math features
\@mathmargin=\skip50

For additional information on amsmath, use the `?' option.
(D:\Program Files\MiKTeX\tex/latex/amsmath\amstext.sty
Package: amstext 2021/08/26 v2.01 AMS text

(D:\Program Files\MiKTeX\tex/latex/amsmath\amsgen.sty
File: amsgen.sty 1999/11/30 v2.0 generic functions
\@emptytoks=\toks18
\ex@=\dimen141
))
(D:\Program Files\MiKTeX\tex/latex/amsmath\amsbsy.sty
Package: amsbsy 1999/11/29 v1.2d Bold Symbols
\pmbraise@=\dimen142
)
(D:\Program Files\MiKTeX\tex/latex/amsmath\amsopn.sty
Package: amsopn 2022/04/08 v2.04 operator names
)
\inf@bad=\count192
LaTeX Info: Redefining \frac on input line 234.
\uproot@=\count193
\leftroot@=\count194
LaTeX Info: Redefining \overline on input line 399.
LaTeX Info: Redefining \colon on input line 410.
\classnum@=\count195
\DOTSCASE@=\count196
LaTeX Info: Redefining \ldots on input line 496.
LaTeX Info: Redefining \dots on input line 499.
LaTeX Info: Redefining \cdots on input line 620.
\Mathstrutbox@=\box51
\strutbox@=\box52
LaTeX Info: Redefining \big on input line 722.
LaTeX Info: Redefining \Big on input line 723.
LaTeX Info: Redefining \bigg on input line 724.
LaTeX Info: Redefining \Bigg on input line 725.
\big@size=\dimen143
LaTeX Font Info:    Redeclaring font encoding OML on input line 743.
LaTeX Font Info:    Redeclaring font encoding OMS on input line 744.
\macc@depth=\count197
LaTeX Info: Redefining \bmod on input line 905.
LaTeX Info: Redefining \pmod on input line 910.
LaTeX Info: Redefining \smash on input line 940.
LaTeX Info: Redefining \relbar on input line 970.
LaTeX Info: Redefining \Relbar on input line 971.
\c@MaxMatrixCols=\count198
\dotsspace@=\muskip16
\c@parentequation=\count199
\dspbrk@lvl=\count266
\tag@help=\toks19
\row@=\count267
\column@=\count268
\maxfields@=\count269
\andhelp@=\toks20
\eqnshift@=\dimen144
\alignsep@=\dimen145
\tagshift@=\dimen146
\tagwidth@=\dimen147
\totwidth@=\dimen148
\lineht@=\dimen149
\@envbody=\toks21
\multlinegap=\skip51
\multlinetaggap=\skip52
\mathdisplay@stack=\toks22
LaTeX Info: Redefining \[ on input line 2953.
LaTeX Info: Redefining \] on input line 2954.
)
(D:\Program Files\MiKTeX\tex/latex/jknappen\mathrsfs.sty
Package: mathrsfs 1996/01/01 Math RSFS package v1.0 (jk)
\symrsfs=\mathgroup4
)
(D:\Program Files\MiKTeX\tex/latex/amsfonts\amssymb.sty
Package: amssymb 2013/01/14 v3.01 AMS font symbols

(D:\Program Files\MiKTeX\tex/latex/amsfonts\amsfonts.sty
Package: amsfonts 2013/01/14 v3.01 Basic AMSFonts support
\symAMSa=\mathgroup5
\symAMSb=\mathgroup6
LaTeX Font Info:    Redeclaring math symbol \hbar on input line 98.
LaTeX Font Info:    Overwriting math alphabet `\mathfrak' in version `bold'
(Font)                  U/euf/m/n --> U/euf/b/n on input line 106.
))
(D:\Program Files\MiKTeX\tex/latex/pdfpages\pdfpages.sty
Package: pdfpages 2025/07/23 v0.6g Insert pages of external PDF documents (AM)

(D:\Program Files\MiKTeX\tex/latex/tools\calc.sty
Package: calc 2023/07/08 v4.3 Infix arithmetic (KKT,FJ)
\calc@Acount=\count270
\calc@Bcount=\count271
\calc@Adimen=\dimen150
\calc@Bdimen=\dimen151
\calc@Askip=\skip53
\calc@Bskip=\skip54
LaTeX Info: Redefining \setlength on input line 80.
LaTeX Info: Redefining \addtolength on input line 81.
\calc@Ccount=\count272
\calc@Cskip=\skip55
)
(D:\Program Files\MiKTeX\tex/latex/eso-pic\eso-pic.sty
Package: eso-pic 2023/05/03 v3.0c eso-pic (RN)
\ESO@tempdima=\dimen152
\ESO@tempdimb=\dimen153
)
(D:\Program Files\MiKTeX\tex/latex/etoolbox\etoolbox.sty
Package: etoolbox 2020/10/05 v2.5k e-TeX tools for LaTeX (JAW)
\etb@tempcnta=\count273
)
(D:\Program Files\MiKTeX\tex/latex/graphics\graphicx.sty
Package: graphicx 2021/09/16 v1.2d Enhanced LaTeX Graphics (DPC,SPQR)

(D:\Program Files\MiKTeX\tex/latex/graphics\graphics.sty
Package: graphics 2022/03/10 v1.4e Standard LaTeX Graphics (DPC,SPQR)

(D:\Program Files\MiKTeX\tex/latex/graphics\trig.sty
Package: trig 2021/08/11 v1.11 sin cos tan (DPC)
)
(D:\Program Files\MiKTeX\tex/latex/graphics-cfg\graphics.cfg
File: graphics.cfg 2016/06/04 v1.11 sample graphics configuration
)
Package graphics Info: Driver file: xetex.def on input line 107.
)
\Gin@req@height=\dimen154
\Gin@req@width=\dimen155
)
\AM@pagewidth=\dimen156
\AM@pageheight=\dimen157
\AM@fboxrule=\dimen158

(D:\Program Files\MiKTeX\tex/latex/pdfpages\ppxetex.def
File: ppxetex.def 2025/07/23 v0.6g Pdfpages driver for XeTeX (AM)
)
\pdfpages@includegraphics@status=\count274
\AM@pagebox=\box53
\AM@global@opts=\toks23
\AM@pagecnt=\count275
\AM@toc@title=\toks24
\AM@lof@heading=\toks25
\c@AM@survey=\count276
\AM@templatesizebox=\box54
)
(D:\Program Files\MiKTeX\tex/latex/fontspec\fontspec.sty
(D:\Program Files\MiKTeX\tex/latex/l3packages/xparse\xparse.sty
(D:\Program Files\MiKTeX\tex/latex/l3kernel\expl3.sty
Package: expl3 2024-01-04 L3 programming layer (loader) 

(D:\Program Files\MiKTeX\tex/latex/l3backend\l3backend-xetex.def
File: l3backend-xetex.def 2024-01-04 L3 backend support: XeTeX
\g__graphics_track_int=\count277
\l__pdf_internal_box=\box55
\g__pdf_backend_object_int=\count278
\g__pdf_backend_annotation_int=\count279
\g__pdf_backend_link_int=\count280
))
Package: xparse 2023-10-10 L3 Experimental document command parser
)
Package: fontspec 2022/01/15 v2.8a Font selection for XeLaTeX and LuaLaTeX

(D:\Program Files\MiKTeX\tex/latex/fontspec\fontspec-xetex.sty
Package: fontspec-xetex 2022/01/15 v2.8a Font selection for XeLaTeX and LuaLaTe
X
\l__fontspec_script_int=\count281
\l__fontspec_language_int=\count282
\l__fontspec_strnum_int=\count283
\l__fontspec_tmp_int=\count284
\l__fontspec_tmpa_int=\count285
\l__fontspec_tmpb_int=\count286
\l__fontspec_tmpc_int=\count287
\l__fontspec_em_int=\count288
\l__fontspec_emdef_int=\count289
\l__fontspec_strong_int=\count290
\l__fontspec_strongdef_int=\count291
\l__fontspec_tmpa_dim=\dimen159
\l__fontspec_tmpb_dim=\dimen160
\l__fontspec_tmpc_dim=\dimen161

(D:\Program Files\MiKTeX\tex/latex/base\fontenc.sty
Package: fontenc 2021/04/29 v2.0v Standard LaTeX package
)
(D:\Program Files\MiKTeX\tex/latex/fontspec\fontspec.cfg)))
(D:\Program Files\MiKTeX\tex/latex/geometry\geometry.sty
Package: geometry 2020/01/02 v5.9 Page Geometry

(D:\Program Files\MiKTeX\tex/generic/iftex\ifvtex.sty
Package: ifvtex 2019/10/25 v1.7 ifvtex legacy package. Use iftex instead.
)
\Gm@cnth=\count292
\Gm@cntv=\count293
\c@Gm@tempcnt=\count294
\Gm@bindingoffset=\dimen162
\Gm@wd@mp=\dimen163
\Gm@odd@mp=\dimen164
\Gm@even@mp=\dimen165
\Gm@layoutwidth=\dimen166
\Gm@layoutheight=\dimen167
\Gm@layouthoffset=\dimen168
\Gm@layoutvoffset=\dimen169
\Gm@dimlist=\toks26

(D:\Program Files\MiKTeX\tex/latex/geometry\geometry.cfg))
(D:\Program Files\MiKTeX\tex/xelatex/xecjk\xeCJK.sty
Package: xeCJK 2022/08/05 v3.9.1 Typesetting CJK scripts with XeLaTeX

(D:\Program Files\MiKTeX\tex/latex/ctex\ctexhook.sty
Package: ctexhook 2022/07/14 v2.5.10 Document and package hooks (CTEX)
)
(D:\Program Files\MiKTeX\tex/latex/l3packages/xtemplate\xtemplate.sty
Package: xtemplate 2023-10-10 L3 Experimental prototype document functions
\l__xtemplate_tmp_dim=\dimen170
\l__xtemplate_tmp_int=\count295
\l__xtemplate_tmp_muskip=\muskip17
\l__xtemplate_tmp_skip=\skip56
)
\l__xeCJK_tmp_int=\count296
\l__xeCJK_tmp_box=\box56
\l__xeCJK_tmp_dim=\dimen171
\l__xeCJK_tmp_skip=\skip57
\g__xeCJK_space_factor_int=\count297
\l__xeCJK_begin_int=\count298
\l__xeCJK_end_int=\count299
\c__xeCJK_CJK_class_int=\XeTeXcharclass1
\c__xeCJK_FullLeft_class_int=\XeTeXcharclass2
\c__xeCJK_FullRight_class_int=\XeTeXcharclass3
\c__xeCJK_HalfLeft_class_int=\XeTeXcharclass4
\c__xeCJK_HalfRight_class_int=\XeTeXcharclass5
\c__xeCJK_NormalSpace_class_int=\XeTeXcharclass6
\c__xeCJK_CM_class_int=\XeTeXcharclass7
\c__xeCJK_HangulJamo_class_int=\XeTeXcharclass8
\l__xeCJK_last_skip=\skip58
\c__xeCJK_none_node=\count300
\g__xeCJK_node_int=\count301
\c__xeCJK_CJK_node_dim=\dimen172
\c__xeCJK_CJK-space_node_dim=\dimen173
\c__xeCJK_default_node_dim=\dimen174
\c__xeCJK_CJK-widow_node_dim=\dimen175
\c__xeCJK_normalspace_node_dim=\dimen176
\c__xeCJK_default-space_node_skip=\skip59
\l__xeCJK_ccglue_skip=\skip60
\l__xeCJK_ecglue_skip=\skip61
\l__xeCJK_punct_kern_skip=\skip62
\l__xeCJK_indent_box=\box57
\l__xeCJK_last_penalty_int=\count302
\l__xeCJK_last_bound_dim=\dimen177
\l__xeCJK_last_kern_dim=\dimen178
\l__xeCJK_widow_penalty_int=\count303

Package xtemplate Info: Declaring object type 'xeCJK/punctuation' taking 0
(xtemplate)             argument(s) on line 2396.

\l__xeCJK_fixed_punct_width_dim=\dimen179
\l__xeCJK_mixed_punct_width_dim=\dimen180
\l__xeCJK_middle_punct_width_dim=\dimen181
\l__xeCJK_fixed_margin_width_dim=\dimen182
\l__xeCJK_mixed_margin_width_dim=\dimen183
\l__xeCJK_middle_margin_width_dim=\dimen184
\l__xeCJK_bound_punct_width_dim=\dimen185
\l__xeCJK_bound_margin_width_dim=\dimen186
\l__xeCJK_margin_minimum_dim=\dimen187
\l__xeCJK_kerning_total_width_dim=\dimen188
\l__xeCJK_same_align_margin_dim=\dimen189
\l__xeCJK_different_align_margin_dim=\dimen190
\l__xeCJK_kerning_margin_width_dim=\dimen191
\l__xeCJK_kerning_margin_minimum_dim=\dimen192
\l__xeCJK_bound_dim=\dimen193
\l__xeCJK_reverse_bound_dim=\dimen194
\l__xeCJK_margin_dim=\dimen195
\l__xeCJK_minimum_bound_dim=\dimen196
\l__xeCJK_kerning_margin_dim=\dimen197
\g__xeCJK_family_int=\count304
\l__xeCJK_fam_int=\count305
\g__xeCJK_fam_allocation_int=\count306
\l__xeCJK_verb_case_int=\count307
\l__xeCJK_verb_exspace_skip=\skip63

(D:\Program Files\MiKTeX\tex/xelatex/xecjk\xeCJK.cfg
File: xeCJK.cfg 2022/08/05 v3.9.1 Configuration file for xeCJK package
))
(D:\Program Files\MiKTeX\tex/latex/cjk\CJKnumb.sty
Package: CJKnumb 2021/10/16 4.8.5
\CJK@q=\count308
\CJK@r=\count309
) (xCJKnumb.sty
Package: xCJKnumb 2006/10/17 4.7.0
\xCJK@q=\count310
\xCJK@r=\count311
)

Package fontspec Info: Font family 'TimesNewRoman(0)' created for font 'Times
(fontspec)             New Roman' with options
(fontspec)             [Ligatures=TeX,Mapping=tex-text].
(fontspec)              
(fontspec)              This font family consists of the following NFSS
(fontspec)             series/shapes:
(fontspec)              
(fontspec)             - 'normal' (m/n) with NFSS spec.: <->"Times New
(fontspec)             Roman/OT:script=latn;language=dflt;mapping=tex-text;"
(fontspec)             - 'small caps'  (m/sc) with NFSS spec.: <->"Times New
(fontspec)             Roman/OT:script=latn;language=dflt;+smcp;mapping=tex-tex
t;"
(fontspec)             - 'bold' (b/n) with NFSS spec.: <->"Times New
(fontspec)             Roman/B/OT:script=latn;language=dflt;mapping=tex-text;"
(fontspec)             - 'bold small caps'  (b/sc) with NFSS spec.: <->"Times
(fontspec)             New
(fontspec)             Roman/B/OT:script=latn;language=dflt;+smcp;mapping=tex-t
ext;"
(fontspec)             - 'italic' (m/it) with NFSS spec.: <->"Times New
(fontspec)             Roman/I/OT:script=latn;language=dflt;mapping=tex-text;"
(fontspec)             - 'italic small caps'  (m/scit) with NFSS spec.:
(fontspec)             <->"Times New
(fontspec)             Roman/I/OT:script=latn;language=dflt;+smcp;mapping=tex-t
ext;"
(fontspec)             - 'bold italic' (b/it) with NFSS spec.: <->"Times New
(fontspec)             Roman/BI/OT:script=latn;language=dflt;mapping=tex-text;"

(fontspec)             - 'bold italic small caps'  (b/scit) with NFSS spec.:
(fontspec)             <->"Times New
(fontspec)             Roman/BI/OT:script=latn;language=dflt;+smcp;mapping=tex-
text;"


Package fontspec Info: Font family 'SimSun(0)' created for font 'SimSun' with
(fontspec)             options
(fontspec)             [Script={CJK},AutoFakeBold={4},AutoFakeSlant={0.167}].
(fontspec)              
(fontspec)              This font family consists of the following NFSS
(fontspec)             series/shapes:
(fontspec)              
(fontspec)             - 'normal' (m/n) with NFSS spec.:
(fontspec)             <->"SimSun/OT:script=hani;language=dflt;"
(fontspec)             - 'small caps'  (m/sc) with NFSS spec.: 
(fontspec)             - 'bold' (b/n) with NFSS spec.:
(fontspec)             <->"SimSun/OT:script=hani;language=dflt;embolden=4;"
(fontspec)             - 'bold small caps'  (b/sc) with NFSS spec.: 
(fontspec)             - 'italic' (m/it) with NFSS spec.:
(fontspec)             <->"SimSun/OT:script=hani;language=dflt;slant=0.167;"
(fontspec)             - 'italic small caps'  (m/scit) with NFSS spec.: 
(fontspec)             - 'bold italic' (b/it) with NFSS spec.:
(fontspec)             <->"SimSun/OT:script=hani;language=dflt;embolden=4;slant
=0.167;"
(fontspec)             - 'bold italic small caps'  (b/scit) with NFSS spec.: 

\CJK@twochars=\skip64

(D:\Program Files\MiKTeX\tex/latex/subfig\subfig.sty
Package: subfig 2005/06/28 ver: 1.3 subfig package

(D:\Program Files\MiKTeX\tex/latex/caption\caption.sty
Package: caption 2023/08/05 v3.6o Customizing captions (AR)

(D:\Program Files\MiKTeX\tex/latex/caption\caption3.sty
Package: caption3 2023/07/31 v2.4d caption3 kernel (AR)
\caption@tempdima=\dimen198
\captionmargin=\dimen199
\caption@leftmargin=\dimen256
\caption@rightmargin=\dimen257
\caption@width=\dimen258
\caption@indent=\dimen259
\caption@parindent=\dimen260
\caption@hangindent=\dimen261
Package caption Info: Standard document class detected.
)
\c@caption@flags=\count312
\c@continuedfloat=\count313
)
\c@KVtest=\count314
\sf@farskip=\skip65
\sf@captopadj=\dimen262
\sf@capskip=\skip66
\sf@nearskip=\skip67
\c@subfigure=\count315
\c@subfigure@save=\count316
\c@lofdepth=\count317
\c@subtable=\count318
\c@subtable@save=\count319
\c@lotdepth=\count320
\sf@top=\skip68
\sf@bottom=\skip69
)
(D:\Program Files\MiKTeX\tex/latex/float\float.sty
Package: float 2001/11/08 v1.3d Float enhancements (AL)
\c@float@type=\count321
\float@exts=\toks27
\float@box=\box58
\@float@everytoks=\toks28
\@floatcapt=\box59
)
Package caption Info: Option `figurename' requires the `newfloat' package on in
put line 214.

(D:\Program Files\MiKTeX\tex/latex/newfloat\newfloat.sty
Package: newfloat 2023/10/01 v1.2 Defining new floating environments (AR)
Package newfloat Info: Document class `book' detected (original).
)
(D:\Program Files\MiKTeX\tex/latex/tools\array.sty
Package: array 2023/10/16 v2.5g Tabular extension package (FMi)
\col@sep=\dimen263
\ar@mcellbox=\box60
\extrarowheight=\dimen264
\NC@list=\toks29
\extratabsurround=\skip70
\backup@length=\skip71
\ar@cellbox=\box61
)
(D:\Program Files\MiKTeX\tex/latex/booktabs\booktabs.sty
Package: booktabs 2020/01/12 v1.61803398 Publication quality tables
\heavyrulewidth=\dimen265
\lightrulewidth=\dimen266
\cmidrulewidth=\dimen267
\belowrulesep=\dimen268
\belowbottomsep=\dimen269
\aboverulesep=\dimen270
\abovetopsep=\dimen271
\cmidrulesep=\dimen272
\cmidrulekern=\dimen273
\defaultaddspace=\dimen274
\@cmidla=\count322
\@cmidlb=\count323
\@aboverulesep=\dimen275
\@belowrulesep=\dimen276
\@thisruleclass=\count324
\@lastruleclass=\count325
\@thisrulewidth=\dimen277
)
(D:\Program Files\MiKTeX\tex/latex/tools\longtable.sty
Package: longtable 2023-11-01 v4.19 Multi-page Table package (DPC)
\LTleft=\skip72
\LTright=\skip73
\LTpre=\skip74
\LTpost=\skip75
\LTchunksize=\count326
\LTcapwidth=\dimen278
\LT@head=\box62
\LT@firsthead=\box63
\LT@foot=\box64
\LT@lastfoot=\box65
\LT@gbox=\box66
\LT@cols=\count327
\LT@rows=\count328
\c@LT@tables=\count329
\c@LT@chunks=\count330
\LT@p@ftn=\toks30
)
(D:\Program Files\MiKTeX\tex/latex/algorithms\algorithm.sty
Invalid UTF-8 byte or sequence at line 11 replaced by U+FFFD.
Package: algorithm 2009/08/24 v0.1 Document Style `algorithm' - floating enviro
nment
\@float@every@algorithm=\toks31
\c@algorithm=\count331
)
(D:\Program Files\MiKTeX\tex/latex/algorithmicx\algorithmicx.sty
Package: algorithmicx 2005/04/27 v1.2 Algorithmicx

Document Style algorithmicx 1.2 - a greatly improved `algorithmic' style
\c@ALG@line=\count332
\c@ALG@rem=\count333
\c@ALG@nested=\count334
\ALG@tlm=\skip76
\ALG@thistlm=\skip77
\c@ALG@Lnr=\count335
\c@ALG@blocknr=\count336
\c@ALG@storecount=\count337
\c@ALG@tmpcounter=\count338
\ALG@tmplength=\skip78
) (D:\Program Files\MiKTeX\tex/latex/algorithmicx\algpseudocode.sty
Package: algpseudocode 

Document Style - pseudocode environments for use with the `algorithmicx' style
) (C:\Users\ASUS\AppData\Roaming\MiKTeX\tex/latex/listings\listings.sty
\lst@mode=\count339
\lst@gtempboxa=\box67
\lst@token=\toks32
\lst@length=\count340
\lst@currlwidth=\dimen279
\lst@column=\count341
\lst@pos=\count342
\lst@lostspace=\dimen280
\lst@width=\dimen281
\lst@newlines=\count343
\lst@lineno=\count344
\lst@maxwidth=\dimen282

(C:\Users\ASUS\AppData\Roaming\MiKTeX\tex/latex/listings\lstpatch.sty
File: lstpatch.sty 2025/11/14 1.11b (Carsten Heinz)
)
(C:\Users\ASUS\AppData\Roaming\MiKTeX\tex/latex/listings\lstmisc.sty
File: lstmisc.sty 2025/11/14 1.11b (Carsten Heinz)
\c@lstnumber=\count345
\lst@skipnumbers=\count346
\lst@framebox=\box68
)
(C:\Users\ASUS\AppData\Roaming\MiKTeX\tex/latex/listings\listings.cfg
File: listings.cfg 2025/11/14 1.11b listings configuration
))
Package: listings 2025/11/14 1.11b (Carsten Heinz)

(D:\Program Files\MiKTeX\tex/xelatex/xecjk\xeCJK-listings.sty
Package: xeCJK-listings 2022/08/05 v3.9.1 xeCJK patch file for listings
\l__xeCJK_listings_max_char_int=\count347
\l__xeCJK_listings_flag_int=\count348
)
(D:\Program Files\MiKTeX\tex/latex/tocbibind\tocbibind.sty
Package: tocbibind 2010/10/13 v1.5k extra ToC listings
Package tocbibind Info: The document has chapter divisions on input line 50.


Package tocbibind Note: Using chapter style headings, unless overridden.

) (D:\Program Files\MiKTeX\tex/latex/titlesec\titletoc.sty
Package: titletoc 2025/01/04 v2.17 TOC entries
\ttl@leftsep=\dimen283
)
(D:\Program Files\MiKTeX\tex/latex/titlesec\titlesec.sty
Package: titlesec 2025/01/04 v2.17 Sectioning titles
\ttl@box=\box69
\beforetitleunit=\skip79
\aftertitleunit=\skip80
\ttl@plus=\dimen284
\ttl@minus=\dimen285
\ttl@toksa=\toks33
\titlewidth=\dimen286
\titlewidthlast=\dimen287
\titlewidthfirst=\dimen288

(D:\Program Files\MiKTeX\tex/latex/titlesec\titleps.sty))
(D:\Program Files\MiKTeX\tex/latex/amscls\amsthm.sty
Package: amsthm 2020/05/29 v2.20.6
\thm@style=\toks34
\thm@bodyfont=\toks35
\thm@headfont=\toks36
\thm@notefont=\toks37
\thm@headpunct=\toks38
\thm@preskip=\skip81
\thm@postskip=\skip82
\thm@headsep=\skip83
\dth@everypar=\toks39
)
\c@definition=\count349
\c@example=\count350
\c@remark=\count351
\c@assumption=\count352
\c@proposition=\count353
\c@lemma=\count354
\c@theorem=\count355
\c@axiom=\count356
\c@corollary=\count357
\c@case=\count358
\c@conjecture=\count359
\c@property=\count360
)
(D:\Program Files\MiKTeX\tex/latex/anyfontsize\anyfontsize.sty
Invalid UTF-8 byte or sequence at line 3 replaced by U+FFFD.
Invalid UTF-8 byte or sequence at line 3 replaced by U+FFFD.
Package: anyfontsize 2007/11/22 anyfontsize.sty by pts
)
(D:\Program Files\MiKTeX\tex/latex/enumitem\enumitem.sty
Package: enumitem 2025/02/06 v3.11 Customized lists
\labelindent=\skip84
\enit@outerparindent=\dimen289
\enit@toks=\toks40
\enit@inbox=\box70
\enit@count@id=\count361
\enitdp@description=\count362
)
(D:\Program Files\MiKTeX\tex/latex/biblatex\biblatex.sty
Package: biblatex 2023/03/05 v3.19 programmable bibliographies (PK/MW)

(D:\Program Files\MiKTeX\tex/generic/pdftexcmds\pdftexcmds.sty
Package: pdftexcmds 2020-06-27 v0.33 Utility functions of pdfTeX for LuaTeX (HO
)

(D:\Program Files\MiKTeX\tex/generic/infwarerr\infwarerr.sty
Package: infwarerr 2019/12/03 v1.5 Providing info/warning/error messages (HO)
)
(D:\Program Files\MiKTeX\tex/generic/ltxcmds\ltxcmds.sty
Package: ltxcmds 2023-12-04 v1.26 LaTeX kernel commands for general use (HO)
)
Package pdftexcmds Info: \pdf@primitive is available.
Package pdftexcmds Info: \pdf@ifprimitive is available.
Package pdftexcmds Info: \pdfdraftmode not found.
)
(D:\Program Files\MiKTeX\tex/latex/kvoptions\kvoptions.sty
Package: kvoptions 2022-06-15 v3.15 Key value format for package options (HO)

(D:\Program Files\MiKTeX\tex/latex/kvsetkeys\kvsetkeys.sty
Package: kvsetkeys 2022-10-05 v1.19 Key value parser (HO)
))
(D:\Program Files\MiKTeX\tex/latex/logreq\logreq.sty
Package: logreq 2010/08/04 v1.0 xml request logger
\lrq@indent=\count363

(D:\Program Files\MiKTeX\tex/latex/logreq\logreq.def
File: logreq.def 2010/08/04 v1.0 logreq spec v1.0
))
(D:\Program Files\MiKTeX\tex/latex/url\url.sty
\Urlmuskip=\muskip18
Package: url 2013/09/16  ver 3.4  Verb mode for urls, etc.
)
\c@tabx@nest=\count364
\c@listtotal=\count365
\c@listcount=\count366
\c@liststart=\count367
\c@liststop=\count368
\c@citecount=\count369
\c@citetotal=\count370
\c@multicitecount=\count371
\c@multicitetotal=\count372
\c@instcount=\count373
\c@maxnames=\count374
\c@minnames=\count375
\c@maxitems=\count376
\c@minitems=\count377
\c@citecounter=\count378
\c@maxcitecounter=\count379
\c@savedcitecounter=\count380
\c@uniquelist=\count381
\c@uniquename=\count382
\c@refsection=\count383
\c@refsegment=\count384
\c@maxextratitle=\count385
\c@maxextratitleyear=\count386
\c@maxextraname=\count387
\c@maxextradate=\count388
\c@maxextraalpha=\count389
\c@abbrvpenalty=\count390
\c@highnamepenalty=\count391
\c@lownamepenalty=\count392
\c@maxparens=\count393
\c@parenlevel=\count394
\blx@tempcnta=\count395
\blx@tempcntb=\count396
\blx@tempcntc=\count397
\c@blx@maxsection=\count398
\blx@maxsegment@0=\count399
\blx@notetype=\count400
\blx@parenlevel@text=\count401
\blx@parenlevel@foot=\count402
\blx@sectionciteorder@0=\count403
\blx@sectionciteorderinternal@0=\count404
\blx@entrysetcounter=\count405
\blx@biblioinstance=\count406
\labelnumberwidth=\skip85
\labelalphawidth=\skip86
\biblabelsep=\skip87
\bibitemsep=\skip88
\bibnamesep=\skip89
\bibinitsep=\skip90
\bibparsep=\skip91
\bibhang=\skip92
\blx@bcfin=\read2
\blx@bcfout=\write3
\blx@langwohyphens=\language79
\c@mincomprange=\count407
\c@maxcomprange=\count408
\c@mincompwidth=\count409
Package biblatex Info: Trying to load biblatex default data model...
Package biblatex Info: ... file 'blx-dm.def' found.

(D:\Program Files\MiKTeX\tex/latex/biblatex\blx-dm.def
File: blx-dm.def 2023/03/05 v3.19 biblatex localization (PK/MW)
)
Package biblatex Info: Trying to load biblatex style data model...
Package biblatex Info: ... file 'gb7714-2015.dbx' not found.
Package biblatex Info: Trying to load biblatex custom data model...
Package biblatex Info: ... file 'biblatex-dm.cfg' not found.
\c@afterword=\count410
\c@savedafterword=\count411
\c@annotator=\count412
\c@savedannotator=\count413
\c@author=\count414
\c@savedauthor=\count415
\c@bookauthor=\count416
\c@savedbookauthor=\count417
\c@commentator=\count418
\c@savedcommentator=\count419
\c@editor=\count420
\c@savededitor=\count421
\c@editora=\count422
\c@savededitora=\count423
\c@editorb=\count424
\c@savededitorb=\count425
\c@editorc=\count426
\c@savededitorc=\count427
\c@foreword=\count428
\c@savedforeword=\count429
\c@holder=\count430
\c@savedholder=\count431
\c@introduction=\count432
\c@savedintroduction=\count433
\c@namea=\count434
\c@savednamea=\count435
\c@nameb=\count436
\c@savednameb=\count437
\c@namec=\count438
\c@savednamec=\count439
\c@translator=\count440
\c@savedtranslator=\count441
\c@shortauthor=\count442
\c@savedshortauthor=\count443
\c@shorteditor=\count444
\c@savedshorteditor=\count445
\c@labelname=\count446
\c@savedlabelname=\count447
\c@institution=\count448
\c@savedinstitution=\count449
\c@lista=\count450
\c@savedlista=\count451
\c@listb=\count452
\c@savedlistb=\count453
\c@listc=\count454
\c@savedlistc=\count455
\c@listd=\count456
\c@savedlistd=\count457
\c@liste=\count458
\c@savedliste=\count459
\c@listf=\count460
\c@savedlistf=\count461
\c@location=\count462
\c@savedlocation=\count463
\c@organization=\count464
\c@savedorganization=\count465
\c@origlocation=\count466
\c@savedoriglocation=\count467
\c@origpublisher=\count468
\c@savedorigpublisher=\count469
\c@publisher=\count470
\c@savedpublisher=\count471
\c@language=\count472
\c@savedlanguage=\count473
\c@origlanguage=\count474
\c@savedoriglanguage=\count475
\c@pageref=\count476
\c@savedpageref=\count477
\shorthandwidth=\skip93
\shortjournalwidth=\skip94
\shortserieswidth=\skip95
\shorttitlewidth=\skip96
\shortauthorwidth=\skip97
\shorteditorwidth=\skip98
\locallabelnumberwidth=\skip99
\locallabelalphawidth=\skip100
\localshorthandwidth=\skip101
\localshortjournalwidth=\skip102
\localshortserieswidth=\skip103
\localshorttitlewidth=\skip104
\localshortauthorwidth=\skip105
\localshorteditorwidth=\skip106
Package biblatex Info: Trying to load enhanced support for Unicode engines...
Package biblatex Info: ... file 'blx-unicode.def' found.

(D:\Program Files\MiKTeX\tex/latex/biblatex\blx-unicode.def)
Package biblatex Info: Trying to load compatibility code...
Package biblatex Info: ... file 'blx-compat.def' found.

(D:\Program Files\MiKTeX\tex/latex/biblatex\blx-compat.def
File: blx-compat.def 2023/03/05 v3.19 biblatex compatibility (PK/MW)
)
Package biblatex Info: Trying to load generic definitions...
Package biblatex Info: ... file 'biblatex.def' found.

(D:\Program Files\MiKTeX\tex/latex/biblatex\biblatex.def
File: biblatex.def 2023/03/05 v3.19 biblatex compatibility (PK/MW)
\c@textcitecount=\count478
\c@textcitetotal=\count479
\c@textcitemaxnames=\count480
\c@biburlbigbreakpenalty=\count481
\c@biburlbreakpenalty=\count482
\c@biburlnumpenalty=\count483
\c@biburlucpenalty=\count484
\c@biburllcpenalty=\count485
\biburlbigskip=\muskip19
\biburlnumskip=\muskip20
\biburlucskip=\muskip21
\biburllcskip=\muskip22
\c@smartand=\count486
)
Package biblatex Info: Trying to load bibliography style 'gb7714-2015'...
Package biblatex Info: ... file 'gb7714-2015.bbx' found.

(D:\Program Files\MiKTeX\tex/latex/biblatex-gb7714-2015\gb7714-2015.bbx
File: gb7714-2015.bbx 2025/06/10 v1.1vbiblatex bibliography style
Package biblatex Info: Trying to load bibliography style 'numeric-comp'...
Package biblatex Info: ... file 'numeric-comp.bbx' found.

(D:\Program Files\MiKTeX\tex/latex/biblatex/bbx\numeric-comp.bbx
File: numeric-comp.bbx 2023/03/05 v3.19 biblatex bibliography style (PK/MW)
Package biblatex Info: Trying to load bibliography style 'numeric'...
Package biblatex Info: ... file 'numeric.bbx' found.

(D:\Program Files\MiKTeX\tex/latex/biblatex/bbx\numeric.bbx
File: numeric.bbx 2023/03/05 v3.19 biblatex bibliography style (PK/MW)
Package biblatex Info: Trying to load bibliography style 'standard'...
Package biblatex Info: ... file 'standard.bbx' found.

(D:\Program Files\MiKTeX\tex/latex/biblatex/bbx\standard.bbx
File: standard.bbx 2023/03/05 v3.19 biblatex bibliography style (PK/MW)
\c@bbx:relatedcount=\count487
\c@bbx:relatedtotal=\count488
)))
(D:\Program Files\MiKTeX\tex/latex/xstring\xstring.sty
(D:\Program Files\MiKTeX\tex/generic/xstring\xstring.tex
\xs_counta=\count489
\xs_countb=\count490
)
Package: xstring 2023/08/22 v1.86 String manipulations (CT)
)
\BracketLift=\skip107
\footbibmargin=\skip108
\footbiblabelsep=\skip109
\c@gbnamefmtcase=\count491
\c@gbalignlabel=\count492
\c@gbcitelocalcase=\count493
\c@gbbiblocalcase=\count494
\c@lanordernum=\count495
\bibitemindent=\skip110
\biblabelextend=\skip111
\bibextramargin=\skip112
Package biblatex Info: Delimiter 'finalnamedelim' in context '' already defined
, overwriting.
)
Package biblatex Info: Trying to load citation style 'gb7714-2015'...
Package biblatex Info: ... file 'gb7714-2015.cbx' found.

(D:\Program Files\MiKTeX\tex/latex/biblatex-gb7714-2015\gb7714-2015.cbx
File: gb7714-2015.cbx a biblatex citation style for GB/T 7714-2015
Package biblatex Info: Trying to load citation style 'numeric-comp'...
Package biblatex Info: ... file 'numeric-comp.cbx' found.

(D:\Program Files\MiKTeX\tex/latex/biblatex/cbx\numeric-comp.cbx
File: numeric-comp.cbx 2023/03/05 v3.19 biblatex citation style (PK/MW)
\c@cbx@tempcnta=\count496
\c@cbx@tempcntb=\count497
\c@cbx@tempcntc=\count498
\c@cbx@tempcntd=\count499
Package biblatex Info: Redefining '\cite'.
Package biblatex Info: Redefining '\parencite'.
Package biblatex Info: Redefining '\footcite'.
Package biblatex Info: Redefining '\footcitetext'.
Package biblatex Info: Redefining '\smartcite'.
Package biblatex Info: Redefining '\supercite'.
Package biblatex Info: Redefining '\textcite'.
Package biblatex Info: Redefining '\textcites'.
Package biblatex Info: Redefining '\cites'.
Package biblatex Info: Redefining '\parencites'.
Package biblatex Info: Redefining '\smartcites'.
)
\c@gbrefcompress=\count500
Package biblatex Info: Redefining '\cite'.
Package biblatex Info: Redefining '\parencite'.
Package biblatex Info: Redefining '\cbx@textcite'.
)
Package biblatex Info: Trying to load configuration file...
Package biblatex Info: ... file 'biblatex.cfg' found.

(D:\Program Files\MiKTeX\tex/latex/biblatex\biblatex.cfg
File: biblatex.cfg 
)
\lengthid=\skip113
\lengthlw=\skip114
Package biblatex Info: XeTeX detected.
(biblatex)             Assuming input encoding 'utf8'.
Package biblatex Info: Document encoding is UTF8 ....
Package biblatex Info: ... and expl3
(biblatex)             2024-01-04 L3 programming layer (loader) 
(biblatex)             is new enough (at least 2020/04/06),
(biblatex)             setting 'casechanger=expl3'.

(D:\Program Files\MiKTeX\tex/latex/biblatex\blx-case-expl3.sty
Package: blx-case-expl3 2023/03/05 v3.19 expl3 case changing code for biblatex
))
(D:\Program Files\MiKTeX\tex/latex/fancyhdr\fancyhdr.sty
Package: fancyhdr 2025/02/07 v5.2 Extensive control of page headers and footers

\f@nch@headwidth=\skip115
\f@nch@offset@elh=\skip116
\f@nch@offset@erh=\skip117
\f@nch@offset@olh=\skip118
\f@nch@offset@orh=\skip119
\f@nch@offset@elf=\skip120
\f@nch@offset@erf=\skip121
\f@nch@offset@olf=\skip122
\f@nch@offset@orf=\skip123
\f@nch@height=\skip124
\f@nch@footalignment=\skip125
\f@nch@widthL=\skip126
\f@nch@widthC=\skip127
\f@nch@widthR=\skip128
\@temptokenb=\toks41
)
(D:\Program Files\MiKTeX\tex/xelatex/xunicode\xunicode.sty
File: xunicode.sty 2011/09/09 v0.981 provides access to latin accents and many 
other characters in Unicode lower plane

(D:\Program Files\MiKTeX\tex/latex/tipa\t3enc.def
File: t3enc.def 2001/12/31 T3 encoding
LaTeX Font Info:    Font shape `TU/TimesNewRoman(0)/m/sl' in size <12> not avai
lable
(Font)              Font shape `TU/TimesNewRoman(0)/m/it' tried instead on inpu
t line 316.
)
\tipaTiiicode=\count501
\tipasavetokens=\toks42
\tipachecktokens=\toks43
)
(D:\Program Files\MiKTeX\tex/latex/hyperref\hyperref.sty
Package: hyperref 2023-11-26 v7.01g Hypertext links for LaTeX

(D:\Program Files\MiKTeX\tex/generic/kvdefinekeys\kvdefinekeys.sty
Package: kvdefinekeys 2019-12-19 v1.6 Define keys (HO)
)
(D:\Program Files\MiKTeX\tex/generic/pdfescape\pdfescape.sty
Package: pdfescape 2019/12/09 v1.15 Implements pdfTeX's escape features (HO)
)
(D:\Program Files\MiKTeX\tex/latex/hycolor\hycolor.sty
Package: hycolor 2020-01-27 v1.10 Color options for hyperref/bookmark (HO)
)
(D:\Program Files\MiKTeX\tex/latex/letltxmacro\letltxmacro.sty
Package: letltxmacro 2019/12/03 v1.6 Let assignment for LaTeX macros (HO)
)
(D:\Program Files\MiKTeX\tex/latex/auxhook\auxhook.sty
Package: auxhook 2019-12-17 v1.6 Hooks for auxiliary files (HO)
)
(D:\Program Files\MiKTeX\tex/latex/hyperref\nameref.sty
Package: nameref 2023-11-26 v2.56 Cross-referencing by name of section

(D:\Program Files\MiKTeX\tex/latex/refcount\refcount.sty
Package: refcount 2019/12/15 v3.6 Data extraction from label references (HO)
)
(D:\Program Files\MiKTeX\tex/generic/gettitlestring\gettitlestring.sty
Package: gettitlestring 2019/12/15 v1.6 Cleanup title references (HO)
)
\c@section@level=\count502
)
\@linkdim=\dimen290
\Hy@linkcounter=\count503
\Hy@pagecounter=\count504

(D:\Program Files\MiKTeX\tex/latex/hyperref\pd1enc.def
File: pd1enc.def 2023-11-26 v7.01g Hyperref: PDFDocEncoding definition (HO)
)
(D:\Program Files\MiKTeX\tex/generic/intcalc\intcalc.sty
Package: intcalc 2019/12/15 v1.3 Expandable calculations with integers (HO)
)
\Hy@SavedSpaceFactor=\count505

(D:\Program Files\MiKTeX\tex/latex/hyperref\puenc.def
File: puenc.def 2023-11-26 v7.01g Hyperref: PDF Unicode definition (HO)

(D:\Program Files\MiKTeX\tex/latex/greek-fontenc\puenc-greek.def
File: puenc-greek.def 2023-09-12 2.5 Greek LICRs for PDF strings

(D:\Program Files\MiKTeX\tex/latex/greek-fontenc\greek-fontenc.def
File: greek-fontenc.def 2023-09-12 2.5 Common Greek font encoding definitions
)))
Package hyperref Info: Option `unicode' set `true' on input line 4064.
Package hyperref Info: Option `unicode' set `true' on input line 4064.
Package hyperref Info: Option `bookmarks' set `true' on input line 4064.
Package hyperref Info: Option `bookmarksnumbered' set `true' on input line 4064
.
Package hyperref Info: Option `bookmarksopen' set `false' on input line 4064.
Package hyperref Info: Option `breaklinks' set `false' on input line 4064.
Package hyperref Info: Option `colorlinks' set `true' on input line 4064.
Package hyperref Info: Hyper figures OFF on input line 4181.
Package hyperref Info: Link nesting OFF on input line 4186.
Package hyperref Info: Hyper index ON on input line 4189.
Package hyperref Info: Plain pages OFF on input line 4196.
Package hyperref Info: Backreferencing OFF on input line 4201.
Package hyperref Info: Implicit mode ON; LaTeX internals redefined.
Package hyperref Info: Bookmarks ON on input line 4448.
\c@Hy@tempcnt=\count506
LaTeX Info: Redefining \url on input line 4786.
\XeTeXLinkMargin=\dimen291

(D:\Program Files\MiKTeX\tex/generic/bitset\bitset.sty
Package: bitset 2019/12/09 v1.3 Handle bit-vector datatype (HO)

(D:\Program Files\MiKTeX\tex/generic/bigintcalc\bigintcalc.sty
Package: bigintcalc 2019/12/15 v1.5 Expandable calculations on big integers (HO
)
))
\Fld@menulength=\count507
\Field@Width=\dimen292
\Fld@charsize=\dimen293
Package hyperref Info: Hyper figures OFF on input line 6065.
Package hyperref Info: Link nesting OFF on input line 6070.
Package hyperref Info: Hyper index ON on input line 6073.
Package hyperref Info: backreferencing OFF on input line 6080.
Package hyperref Info: Link coloring ON on input line 6083.
Package hyperref Info: Link coloring with OCG OFF on input line 6090.
Package hyperref Info: PDF/A mode OFF on input line 6095.

(D:\Program Files\MiKTeX\tex/latex/base\atbegshi-ltx.sty
Package: atbegshi-ltx 2021/01/10 v1.0c Emulation of the original atbegshi
package with kernel methods
)
\Hy@abspage=\count508
\c@Item=\count509
\c@Hfootnote=\count510
)
Package hyperref Info: Driver (autodetected): hxetex.

(D:\Program Files\MiKTeX\tex/latex/hyperref\hxetex.def
File: hxetex.def 2023-11-26 v7.01g Hyperref driver for XeTeX

(D:\Program Files\MiKTeX\tex/generic/stringenc\stringenc.sty
Package: stringenc 2019/11/29 v1.12 Convert strings between diff. encodings (HO
)
)
\pdfm@box=\box71
\c@Hy@AnnotLevel=\count511
\HyField@AnnotCount=\count512
\Fld@listcount=\count513
\c@bookmark@seq@number=\count514

(D:\Program Files\MiKTeX\tex/latex/rerunfilecheck\rerunfilecheck.sty
Package: rerunfilecheck 2025-06-21 v1.11 Rerun checks for auxiliary files (HO)

(D:\Program Files\MiKTeX\tex/generic/uniquecounter\uniquecounter.sty
Package: uniquecounter 2019/12/15 v1.4 Provide unlimited unique counter (HO)
)
Package uniquecounter Info: New unique counter `rerunfilecheck' on input line 2
84.
)
\Hy@SectionHShift=\skip129
)
(D:\Program Files\MiKTeX\tex/xelatex/xecjk\xunicode-addon.sty
Package: xunicode-addon 2022/08/05 v3.9.1 addon file for xunicode
\l__xunadd_tmp_coffin=\box72
\l__xunadd_circle_coffin=\box73
\l_xunadd_slot_int=\count515
)
(D:\Program Files\MiKTeX\tex/xelatex/xunicode\xunicode.sty
File: xunicode.sty 2011/09/09 v0.981 provides access to latin accents and many 
other characters in Unicode lower plane

*** Reloading Xunicode for encoding 'TU' ***
) (D:\Program Files\MiKTeX\tex/xelatex/xecjk\xunicode-extra.def
File: xunicode-extra.def 2022/08/05 v3.9.1 extra definition for xunicode
)
\@quotelevel=\count516
\@quotereset=\count517
 (main.aux)
\openout1 = `main.aux'.

LaTeX Font Info:    Checking defaults for OML/cmm/m/it on input line 50.
LaTeX Font Info:    ... okay on input line 50.
LaTeX Font Info:    Checking defaults for OMS/cmsy/m/n on input line 50.
LaTeX Font Info:    ... okay on input line 50.
LaTeX Font Info:    Checking defaults for OT1/cmr/m/n on input line 50.
LaTeX Font Info:    ... okay on input line 50.
LaTeX Font Info:    Checking defaults for T1/cmr/m/n on input line 50.
LaTeX Font Info:    ... okay on input line 50.
LaTeX Font Info:    Checking defaults for TS1/cmr/m/n on input line 50.
LaTeX Font Info:    Trying to load font information for TS1+cmr on input line 5
0.

(D:\Program Files\MiKTeX\tex/latex/base\ts1cmr.fd
File: ts1cmr.fd 2023/04/13 v2.5m Standard LaTeX font definitions
)
LaTeX Font Info:    ... okay on input line 50.
LaTeX Font Info:    Checking defaults for TU/lmr/m/n on input line 50.
LaTeX Font Info:    ... okay on input line 50.
LaTeX Font Info:    Checking defaults for OMX/cmex/m/n on input line 50.
LaTeX Font Info:    ... okay on input line 50.
LaTeX Font Info:    Checking defaults for U/cmr/m/n on input line 50.
LaTeX Font Info:    ... okay on input line 50.
LaTeX Font Info:    Checking defaults for T3/cmr/m/n on input line 50.
LaTeX Font Info:    Trying to load font information for T3+cmr on input line 50
.

(D:\Program Files\MiKTeX\tex/latex/tipa\t3cmr.fd
File: t3cmr.fd 2001/12/31 TIPA font definitions
)
LaTeX Font Info:    ... okay on input line 50.
LaTeX Font Info:    Checking defaults for PD1/pdf/m/n on input line 50.
LaTeX Font Info:    ... okay on input line 50.
LaTeX Font Info:    Checking defaults for PU/pdf/m/n on input line 50.
LaTeX Font Info:    ... okay on input line 50.

(D:\Program Files\MiKTeX\tex/latex/pdflscape\pdflscape.sty
Package: pdflscape 2022-10-27 v0.13 Display of landscape pages in PDF

(D:\Program Files\MiKTeX\tex/latex/pdflscape\pdflscape-nometadata.sty
Package: pdflscape-nometadata 2022-10-28 v0.13 Display of landscape pages in PD
F (HO)

(D:\Program Files\MiKTeX\tex/latex/graphics\lscape.sty
Package: lscape 2020/05/28 v3.02 Landscape Pages (DPC)
)
Package pdflscape Info: Auto-detected driver: dvipdfm (xetex) on input line 98.

))
*geometry* driver: auto-detecting
*geometry* detected driver: xetex
*geometry* verbose mode - [ preamble ] result:
* driver: xetex
* paper: <default>
* layout: <same size as paper>
* layoutoffset:(h,v)=(0.0pt,0.0pt)
* modes: twoside 
* h-part:(L,W,R)=(71.13188pt, 455.24411pt, 71.13188pt)
* v-part:(T,H,B)=(71.13188pt, 702.78308pt, 71.13188pt)
* \paperwidth=597.50787pt
* \paperheight=845.04684pt
* \textwidth=455.24411pt
* \textheight=702.78308pt
* \oddsidemargin=-1.1381pt
* \evensidemargin=-1.1381pt
* \topmargin=-63.69102pt
* \headheight=42.67912pt
* \headsep=19.8738pt
* \topskip=12.0pt
* \footskip=28.45274pt
* \marginparwidth=88.0pt
* \marginparsep=7.0pt
* \columnsep=10.0pt
* \skip\footins=10.8pt plus 4.0pt minus 2.0pt
* \hoffset=0.0pt
* \voffset=0.0pt
* \mag=1000
* \@twocolumnfalse
* \@twosidetrue
* \@mparswitchtrue
* \@reversemarginfalse
* (1in=72.27pt=25.4mm, 1cm=28.453pt)

Package caption Info: Begin \AtBeginDocument code.
Package caption Info: subfig package v1.3 is loaded.
Package caption Info: float package is loaded.
Package caption Info: hyperref package is loaded.
Package caption Info: listings package is loaded.
Package caption Info: longtable package is loaded.
(D:\Program Files\MiKTeX\tex/latex/caption\ltcaption.sty
Package: ltcaption 2021/01/08 v1.4c longtable captions (AR)
)
Package caption Info: End \AtBeginDocument code.
Package newfloat Info: `float' package detected.
\c@lstlisting=\count518
\@indexfile=\write4
\openout4 = `main.idx'.


Writing index file main.idx
Package biblatex Info: Trying to load language 'english'...
Package biblatex Info: ... file 'english.lbx' found.
(D:\Program Files\MiKTeX\tex/latex/biblatex/lbx\english.lbx
File: english.lbx 2023/03/05 v3.19 biblatex localization (PK/MW)
)
Package biblatex Info: XeTeX detected.
(biblatex)             Assuming input encoding 'utf8'.
Package biblatex Info: Automatic encoding selection.
(biblatex)             Assuming data encoding 'utf8'.
\openout3 = `main.bcf'.

Package biblatex Info: Trying to load bibliographic data...
Package biblatex Info: ... file 'main.bbl' found.
 (main.bbl)
Package biblatex Info: Reference section=0 on input line 50.
Package biblatex Info: Reference segment=0 on input line 50.
Package hyperref Info: Link coloring ON on input line 50.

(main.out) (main.out)
\@outlinefile=\write5
\openout5 = `main.out'.

File: cover_file/blind_review_pdfcover.pdf Graphic file (type pdf)
<use cover_file/blind_review_pdfcover.pdf>
File: cover_file/blind_review_pdfcover.pdf Graphic file (type pdf)
<use cover_file/blind_review_pdfcover.pdf, page 1>
File: cover_file/blind_review_pdfcover.pdf Graphic file (type pdf)
<use cover_file/blind_review_pdfcover.pdf, page 1>
File: cover_file/blind_review_pdfcover.pdf Graphic file (type pdf)
<use cover_file/blind_review_pdfcover.pdf, page 1>
File: cover_file/blind_review_pdfcover.pdf Graphic file (type pdf)
<use cover_file/blind_review_pdfcover.pdf, page 1>
File: cover_file/blind_review_pdfcover.pdf Graphic file (type pdf)
<use cover_file/blind_review_pdfcover.pdf, page 1>
 [1


] (chapter/abstract.tex

Package fontspec Info: Font family 'SimHei(0)' created for font 'SimHei' with
(fontspec)             options
(fontspec)             [Script={CJK},AutoFakeBold={4},AutoFakeSlant={0.167}].
(fontspec)              
(fontspec)              This font family consists of the following NFSS
(fontspec)             series/shapes:
(fontspec)              
(fontspec)             - 'normal' (m/n) with NFSS spec.:
(fontspec)             <->"SimHei/OT:script=hani;language=dflt;"
(fontspec)             - 'small caps'  (m/sc) with NFSS spec.: 
(fontspec)             - 'bold' (b/n) with NFSS spec.:
(fontspec)             <->"SimHei/OT:script=hani;language=dflt;embolden=4;"
(fontspec)             - 'bold small caps'  (b/sc) with NFSS spec.: 
(fontspec)             - 'italic' (m/it) with NFSS spec.:
(fontspec)             <->"SimHei/OT:script=hani;language=dflt;slant=0.167;"
(fontspec)             - 'italic small caps'  (m/scit) with NFSS spec.: 
(fontspec)             - 'bold italic' (b/it) with NFSS spec.:
(fontspec)             <->"SimHei/OT:script=hani;language=dflt;embolden=4;slant
=0.167;"
(fontspec)             - 'bold italic small caps'  (b/scit) with NFSS spec.: 

 [1


] [2

]) [3] (main.toc
LaTeX Font Info:    Trying to load font information for U+rsfs on input line 1.


(D:\Program Files\MiKTeX\tex/latex/jknappen\ursfs.fd
File: ursfs.fd 1998/03/24 rsfs font definition file (jk)
)
LaTeX Font Info:    Trying to load font information for U+msa on input line 1.

(D:\Program Files\MiKTeX\tex/latex/amsfonts\umsa.fd
File: umsa.fd 2013/01/14 v3.01 AMS symbols A
)
LaTeX Font Info:    Trying to load font information for U+msb on input line 1.

(D:\Program Files\MiKTeX\tex/latex/amsfonts\umsb.fd
File: umsb.fd 2013/01/14 v3.01 AMS symbols B
) [4

] [5] [6])
\tf@toc=\write6
\openout6 = `main.toc'.

 [7] (main.lof [8

] [9])
\tf@lof=\write7
\openout7 = `main.lof'.

 [10] (main.lot)
\tf@lot=\write8
\openout8 = `main.lot'.

 (chapter/symbols.tex [11

]) [12

] (chapter/chapter1.tex
第\xCJKnumber {1}章 1.
[1


]
File: figure/DJI_T40.jpeg Graphic file (type bmp)
<figure/DJI_T40.jpeg>
File: figure/meituanUAV.png Graphic file (type bmp)
<figure/meituanUAV.png>
File: figure/shuangweixie.jpg Graphic file (type bmp)
<figure/shuangweixie.jpg>
File: figure/BKZ_005E.jpg Graphic file (type bmp)
<figure/BKZ_005E.jpg>
 [2] [3]
File: figure/Hiller_VZ-1.jpeg Graphic file (type bmp)
<figure/Hiller_VZ-1.jpeg>
File: figure/Piasecki_VZ-8.jpg Graphic file (type bmp)
<figure/Piasecki_VZ-8.jpg>

Overfull \hbox (1.22728pt too wide) in paragraph at lines 78--79
 [][] 
 []

File: figure/Doak_VZ-4.jpg Graphic file (type bmp)
<figure/Doak_VZ-4.jpg>

Overfull \hbox (6.15059pt too wide) in paragraph at lines 88--89
 [][] 
 []

File: figure/SA.341.jpg Graphic file (type bmp)
<figure/SA.341.jpg>
[4]
File: figure/cypher.jpg Graphic file (type bmp)
<figure/cypher.jpg>
File: figure/cypherII.jpg Graphic file (type bmp)
<figure/cypherII.jpg>
 [5]
File: figure/golden_eye.png Graphic file (type bmp)
<figure/golden_eye.png>
File: figure/v-bat.jpg Graphic file (type bmp)
<figure/v-bat.jpg>
 [6] [7] [8] [9] [10] [11]) (chapter/chapter2.tex [12]
第\xCJKnumber {2}章 2.
File: figure/chapter2/ductedfan_parts.png Graphic file (type bmp)
<figure/chapter2/ductedfan_parts.png>
[13

] [14]
File: figure/chapter1/STM32.png Graphic file (type bmp)
<figure/chapter1/STM32.png>
File: figure/chapter1/servo.png Graphic file (type bmp)
<figure/chapter1/servo.png>
File: figure/chapter1/battery.jpg Graphic file (type bmp)
<figure/chapter1/battery.jpg>
File: figure/chapter1/motor.jpg Graphic file (type bmp)
<figure/chapter1/motor.jpg>
File: figure/chapter1/main_board.jpg Graphic file (type bmp)
<figure/chapter1/main_board.jpg>
File: figure/chapter1/slave_board.jpg Graphic file (type bmp)
<figure/chapter1/slave_board.jpg>
File: figure/chapter2/hardware_topo.pdf Graphic file (type pdf)
<use figure/chapter2/hardware_topo.pdf>
 [15]
File: figure/chapter2/software.pdf Graphic file (type pdf)
<use figure/chapter2/software.pdf>
 [16] [17]
File: figure/chapter2/coordinary.png Graphic file (type bmp)
<figure/chapter2/coordinary.png>
 [18]
File: figure/chapter2/eular_angle.png Graphic file (type bmp)
<figure/chapter2/eular_angle.png>
 [19] [20] [21] [22] [23]
File: figure/chapter2/ductedfan_force.png Graphic file (type bmp)
<figure/chapter2/ductedfan_force.png>
 [24] [25] [26]
File: figure/chapter2/anti_torque.png Graphic file (type bmp)
<figure/chapter2/anti_torque.png>
 [27]
File: figure/chapter2/ductedfan_flow.png Graphic file (type bmp)
<figure/chapter2/ductedfan_flow.png>

[28]
File: figure/chapter2/control_surface.png Graphic file (type bmp)
<figure/chapter2/control_surface.png>
 [29] [30] [31] [32]
Missing character: There is no − in font cmr12!
[33] [34]) (chapter/chapter3.tex [35]
第\xCJKnumber {3}章 3.
[36

] [37] [38] [39] [40] [41] [42] [43] [44] [45] [46] [47] [48] [49] [50]
[51] [52] [53]
File: figure/chapter3/sim_params_K_T.pdf Graphic file (type pdf)
<use figure/chapter3/sim_params_K_T.pdf>
File: figure/chapter3/sim_params_K_T_J.pdf Graphic file (type pdf)
<use figure/chapter3/sim_params_K_T_J.pdf>
File: figure/chapter3/sim_params_K_N.pdf Graphic file (type pdf)
<use figure/chapter3/sim_params_K_N.pdf>
File: figure/chapter3/sim_params_K_l_T.pdf Graphic file (type pdf)
<use figure/chapter3/sim_params_K_l_T.pdf>
File: figure/chapter3/sim_params_K_sta.pdf Graphic file (type pdf)
<use figure/chapter3/sim_params_K_sta.pdf>
File: figure/chapter3/sim_params_K_cv.pdf Graphic file (type pdf)
<use figure/chapter3/sim_params_K_cv.pdf>
 [54] [55] [56]
File: figure/chapter3/real_flight.png Graphic file (type bmp)
<figure/chapter3/real_flight.png>
 [57]
File: figure/chapter3/real_params_K_T.pdf Graphic file (type pdf)
<use figure/chapter3/real_params_K_T.pdf>
File: figure/chapter3/real_params_K_T_J.pdf Graphic file (type pdf)
<use figure/chapter3/real_params_K_T_J.pdf>
File: figure/chapter3/real_params_K_N.pdf Graphic file (type pdf)
<use figure/chapter3/real_params_K_N.pdf>
File: figure/chapter3/real_params_K_l_T.pdf Graphic file (type pdf)
<use figure/chapter3/real_params_K_l_T.pdf>
File: figure/chapter3/real_params_K_sta.pdf Graphic file (type pdf)
<use figure/chapter3/real_params_K_sta.pdf>
File: figure/chapter3/real_params_K_cv.pdf Graphic file (type pdf)
<use figure/chapter3/real_params_K_cv.pdf>
 [58] [59] [60]
File: figure/chapter3/anti_ge_height_gyro_x.pdf Graphic file (type pdf)
<use figure/chapter3/anti_ge_height_gyro_x.pdf>
LaTeX Font Info:    Calculating math sizes for size <10.5> on input line 819.
File: figure/chapter3/anti_ge_height_gyro_y.pdf Graphic file (type pdf)
<use figure/chapter3/anti_ge_height_gyro_y.pdf>
File: figure/chapter3/anti_ge_height_gyro_z.pdf Graphic file (type pdf)
<use figure/chapter3/anti_ge_height_gyro_z.pdf>
 [61] [62])
(chapter/chapter4.tex [63]
第\xCJKnumber {4}章 4.
[64

] [65]
File: figure/chapter4/ground_effect_flow.png Graphic file (type bmp)
<figure/chapter4/ground_effect_flow.png>
 [66] [67]
File: figure/chapter4/ground_effect_platform.png Graphic file (type bmp)
<figure/chapter4/ground_effect_platform.png>
 [68] [69] [70]
File: matlab/ground_effect/pdf/thrust/surf_T-omega-h.pdf Graphic file (type pdf
)
<use matlab/ground_effect/pdf/thrust/surf_T-omega-h.pdf>
 [71]
File: matlab/ground_effect/pdf/thrust/rotor_thrust_30mm.pdf Graphic file (type 
pdf)
<use matlab/ground_effect/pdf/thrust/rotor_thrust_30mm.pdf>

Overfull \hbox (22.99223pt too wide) in paragraph at lines 158--159
 [][] 
 []

File: matlab/ground_effect/pdf/thrust/rotor_thrust_100mm.pdf Graphic file (type
 pdf)
<use matlab/ground_effect/pdf/thrust/rotor_thrust_100mm.pdf>

Overfull \hbox (22.99223pt too wide) in paragraph at lines 164--165
 [][] 
 []

File: matlab/ground_effect/pdf/thrust/rotor_thrust_200mm.pdf Graphic file (type
 pdf)
<use matlab/ground_effect/pdf/thrust/rotor_thrust_200mm.pdf>

Overfull \hbox (22.99223pt too wide) in paragraph at lines 173--174
 [][] 
 []

File: matlab/ground_effect/pdf/thrust/rotor_thrust_400mm.pdf Graphic file (type
 pdf)
<use matlab/ground_effect/pdf/thrust/rotor_thrust_400mm.pdf>

Overfull \hbox (22.99223pt too wide) in paragraph at lines 179--180
 [][] 
 []

[72]
File: matlab/ground_effect/pdf/thrust/line_T-h.pdf Graphic file (type pdf)
<use matlab/ground_effect/pdf/thrust/line_T-h.pdf>
 [73] [74]
File: matlab/ground_effect/pdf/thrust/T_param-iter.pdf Graphic file (type pdf)
<use matlab/ground_effect/pdf/thrust/T_param-iter.pdf>

Overfull \hbox (22.99223pt too wide) in paragraph at lines 260--261
 [][] 
 []

File: matlab/ground_effect/pdf/thrust/T_err_iter.pdf Graphic file (type pdf)
<use matlab/ground_effect/pdf/thrust/T_err_iter.pdf>

Overfull \hbox (22.99223pt too wide) in paragraph at lines 267--268
 [][] 
 []

[75] [76] [77]
File: matlab/ground_effect/pdf/moment/moment-h-delta.pdf Graphic file (type pdf
)
<use matlab/ground_effect/pdf/moment/moment-h-delta.pdf>
File: matlab/ground_effect/pdf/moment/cv_moment_15mm.pdf Graphic file (type pdf
)
<use matlab/ground_effect/pdf/moment/cv_moment_15mm.pdf>

Overfull \hbox (22.99223pt too wide) in paragraph at lines 429--430
 [][] 
 []

File: matlab/ground_effect/pdf/moment/cv_moment_40mm.pdf Graphic file (type pdf
)
<use matlab/ground_effect/pdf/moment/cv_moment_40mm.pdf>

Overfull \hbox (22.99223pt too wide) in paragraph at lines 435--436
 [][] 
 []

File: matlab/ground_effect/pdf/moment/cv_moment_100mm.pdf Graphic file (type pd
f)
<use matlab/ground_effect/pdf/moment/cv_moment_100mm.pdf>

Overfull \hbox (22.99223pt too wide) in paragraph at lines 444--445
 [][] 
 []

File: matlab/ground_effect/pdf/moment/cv_moment_300mm.pdf Graphic file (type pd
f)
<use matlab/ground_effect/pdf/moment/cv_moment_300mm.pdf>

Overfull \hbox (22.99223pt too wide) in paragraph at lines 450--451
 [][] 
 []

[78] [79]
File: matlab/ground_effect/pdf/moment/zero_output_moment.pdf Graphic file (type
 pdf)
<use matlab/ground_effect/pdf/moment/zero_output_moment.pdf>
 [80]
File: matlab/ground_effect/pdf/moment/K_cv-h.pdf Graphic file (type pdf)
<use matlab/ground_effect/pdf/moment/K_cv-h.pdf>
 [81]
File: matlab/ground_effect/pdf/moment/cv_param-iter.pdf Graphic file (type pdf)

<use matlab/ground_effect/pdf/moment/cv_param-iter.pdf>

Overfull \hbox (22.99223pt too wide) in paragraph at lines 541--542
 [][] 
 []

File: matlab/ground_effect/pdf/moment/errr-iter.pdf Graphic file (type pdf)
<use matlab/ground_effect/pdf/moment/errr-iter.pdf>

Overfull \hbox (22.99223pt too wide) in paragraph at lines 548--549
 [][] 
 []

[82] [83]) (chapter/chapter5.tex [84]
第\xCJKnumber {5}章 5.
[85

] [86]
File: figure/chapter5/姿态环PID.pdf Graphic file (type pdf)
<use figure/chapter5/姿态环PID.pdf>

Overfull \hbox (1.50114pt too wide) in paragraph at lines 72--73
 [][] 
 []

File: figure/chapter5/位置环PID.pdf Graphic file (type pdf)
<use figure/chapter5/位置环PID.pdf>

Overfull \hbox (5.35556pt too wide) in paragraph at lines 93--94
 [][] 
 []

[87] [88] [89]
File: matlab/ground_effect/pdf/anti_ge_thrust/Plot_Speed_Tracking_speed_track.p
df Graphic file (type pdf)
<use matlab/ground_effect/pdf/anti_ge_thrust/Plot_Speed_Tracking_speed_track.pd
f>

Overfull \hbox (22.99223pt too wide) in paragraph at lines 199--200
 [][] 
 []

File: matlab/ground_effect/pdf/anti_ge_thrust/Plot_Battery_Voltage_speed_track.
pdf Graphic file (type pdf)
<use matlab/ground_effect/pdf/anti_ge_thrust/Plot_Battery_Voltage_speed_track.p
df>

Overfull \hbox (22.99223pt too wide) in paragraph at lines 206--207
 [][] 
 []

[90] [91]
File: matlab/ground_effect/pdf/anti_ge_thrust/Plot_Thrust_Tracking_50mm.pdf Gra
phic file (type pdf)
<use matlab/ground_effect/pdf/anti_ge_thrust/Plot_Thrust_Tracking_50mm.pdf>

Overfull \hbox (22.99223pt too wide) in paragraph at lines 299--300
 [][] 
 []

File: matlab/ground_effect/pdf/anti_ge_thrust/Plot_Speed_Tracking_50mm.pdf Grap
hic file (type pdf)
<use matlab/ground_effect/pdf/anti_ge_thrust/Plot_Speed_Tracking_50mm.pdf>

Overfull \hbox (22.99223pt too wide) in paragraph at lines 306--307
 [][] 
 []

File: matlab/ground_effect/pdf/anti_ge_thrust/Plot_Thrust_Tracking_100mm.pdf Gr
aphic file (type pdf)
<use matlab/ground_effect/pdf/anti_ge_thrust/Plot_Thrust_Tracking_100mm.pdf>

Overfull \hbox (22.99223pt too wide) in paragraph at lines 317--318
 [][] 
 []

File: matlab/ground_effect/pdf/anti_ge_thrust/Plot_Speed_Tracking_100mm.pdf Gra
phic file (type pdf)
<use matlab/ground_effect/pdf/anti_ge_thrust/Plot_Speed_Tracking_100mm.pdf>

Overfull \hbox (22.99223pt too wide) in paragraph at lines 324--325
 [][] 
 []

File: matlab/ground_effect/pdf/anti_ge_thrust/Plot_Thrust_Tracking_200mm.pdf Gr
aphic file (type pdf)
<use matlab/ground_effect/pdf/anti_ge_thrust/Plot_Thrust_Tracking_200mm.pdf>

Overfull \hbox (22.99223pt too wide) in paragraph at lines 335--336
 [][] 
 []

File: matlab/ground_effect/pdf/anti_ge_thrust/Plot_Speed_Tracking_200mm.pdf Gra
phic file (type pdf)
<use matlab/ground_effect/pdf/anti_ge_thrust/Plot_Speed_Tracking_200mm.pdf>

Overfull \hbox (22.99223pt too wide) in paragraph at lines 342--343
 [][] 
 []

[92] [93]
File: matlab/ground_effect/pdf/anti_ge_moment/Moment_Tracking_50mm.pdf Graphic 
file (type pdf)
<use matlab/ground_effect/pdf/anti_ge_moment/Moment_Tracking_50mm.pdf>

Overfull \hbox (22.99223pt too wide) in paragraph at lines 381--382
 [][] 
 []

File: matlab/ground_effect/pdf/anti_ge_moment/Motor_Angle_50mm.pdf Graphic file
 (type pdf)
<use matlab/ground_effect/pdf/anti_ge_moment/Motor_Angle_50mm.pdf>

Overfull \hbox (22.99223pt too wide) in paragraph at lines 388--389
 [][] 
 []

File: matlab/ground_effect/pdf/anti_ge_moment/Moment_Tracking_100mm.pdf Graphic
 file (type pdf)
<use matlab/ground_effect/pdf/anti_ge_moment/Moment_Tracking_100mm.pdf>

Overfull \hbox (22.99223pt too wide) in paragraph at lines 398--399
 [][] 
 []

File: matlab/ground_effect/pdf/anti_ge_moment/Motor_Angle_100mm.pdf Graphic fil
e (type pdf)
<use matlab/ground_effect/pdf/anti_ge_moment/Motor_Angle_100mm.pdf>

Overfull \hbox (22.99223pt too wide) in paragraph at lines 405--406
 [][] 
 []

File: matlab/ground_effect/pdf/anti_ge_moment/Moment_Tracking_200mm.pdf Graphic
 file (type pdf)
<use matlab/ground_effect/pdf/anti_ge_moment/Moment_Tracking_200mm.pdf>

Overfull \hbox (22.99223pt too wide) in paragraph at lines 415--416
 [][] 
 []

File: matlab/ground_effect/pdf/anti_ge_moment/Motor_Angle_200mm.pdf Graphic fil
e (type pdf)
<use matlab/ground_effect/pdf/anti_ge_moment/Motor_Angle_200mm.pdf>

Overfull \hbox (22.99223pt too wide) in paragraph at lines 422--423
 [][] 
 []

[94] [95]
File: figure/chapter5/地面效应抗扰控制.pdf Graphic file (type pdf)
<use figure/chapter5/地面效应抗扰控制.pdf>

Overfull \hbox (0.53755pt too wide) in paragraph at lines 446--447
 [][] 
 []

File: figure/chapter5/real_flght_scene_1.jpg Graphic file (type bmp)
<figure/chapter5/real_flght_scene_1.jpg>
File: figure/chapter5/real_flght_scene_2.jpg Graphic file (type bmp)
<figure/chapter5/real_flght_scene_2.jpg>
File: figure/chapter5/real_flght_scene_3.jpg Graphic file (type bmp)
<figure/chapter5/real_flght_scene_3.jpg>
File: figure/chapter5/real_flght_scene_4.jpg Graphic file (type bmp)
<figure/chapter5/real_flght_scene_4.jpg>
[96] [97]
File: matlab/ground_effect/pdf/anti_ge_height/anti_ge_height_cmp_pos.pdf Graphi
c file (type pdf)
<use matlab/ground_effect/pdf/anti_ge_height/anti_ge_height_cmp_pos.pdf>
File: matlab/ground_effect/pdf/anti_ge_height/anti_ge_height_cmp_vel.pdf Graphi
c file (type pdf)
<use matlab/ground_effect/pdf/anti_ge_height/anti_ge_height_cmp_vel.pdf>
File: matlab/ground_effect/pdf/anti_ge_height/anti_ge_height_pos.pdf Graphic fi
le (type pdf)
<use matlab/ground_effect/pdf/anti_ge_height/anti_ge_height_pos.pdf>
File: matlab/ground_effect/pdf/anti_ge_height/anti_ge_height_vel.pdf Graphic fi
le (type pdf)
<use matlab/ground_effect/pdf/anti_ge_height/anti_ge_height_vel.pdf>
 [98] [99] [100]
File: matlab/ground_effect/pdf/anti_ge_yaw/anti_ge_yaw_100mm_cmp_yaw.pdf Graphi
c file (type pdf)
<use matlab/ground_effect/pdf/anti_ge_yaw/anti_ge_yaw_100mm_cmp_yaw.pdf>
File: matlab/ground_effect/pdf/anti_ge_yaw/anti_ge_yaw_100mm_cmp_gyro_z.pdf Gra
phic file (type pdf)
<use matlab/ground_effect/pdf/anti_ge_yaw/anti_ge_yaw_100mm_cmp_gyro_z.pdf>
File: matlab/ground_effect/pdf/anti_ge_yaw/anti_ge_yaw_100mm_yaw.pdf Graphic fi
le (type pdf)
<use matlab/ground_effect/pdf/anti_ge_yaw/anti_ge_yaw_100mm_yaw.pdf>
File: matlab/ground_effect/pdf/anti_ge_yaw/anti_ge_yaw_100mm_gyro_z.pdf Graphic
 file (type pdf)
<use matlab/ground_effect/pdf/anti_ge_yaw/anti_ge_yaw_100mm_gyro_z.pdf>


LaTeX Warning: Float too large for page by 5.28354pt on input line 657.

File: matlab/ground_effect/pdf/anti_ge_yaw/anti_ge_yaw_200mm_cmp_yaw.pdf Graphi
c file (type pdf)
<use matlab/ground_effect/pdf/anti_ge_yaw/anti_ge_yaw_200mm_cmp_yaw.pdf>
File: matlab/ground_effect/pdf/anti_ge_yaw/anti_ge_yaw_200mm_cmp_gyro_z.pdf Gra
phic file (type pdf)
<use matlab/ground_effect/pdf/anti_ge_yaw/anti_ge_yaw_200mm_cmp_gyro_z.pdf>
File: matlab/ground_effect/pdf/anti_ge_yaw/anti_ge_yaw_200mm_yaw.pdf Graphic fi
le (type pdf)
<use matlab/ground_effect/pdf/anti_ge_yaw/anti_ge_yaw_200mm_yaw.pdf>
File: matlab/ground_effect/pdf/anti_ge_yaw/anti_ge_yaw_200mm_gyro_z.pdf Graphic
 file (type pdf)
<use matlab/ground_effect/pdf/anti_ge_yaw/anti_ge_yaw_200mm_gyro_z.pdf>

LaTeX Warning: Float too large for page by 5.28354pt on input line 685.

[101] [102] [103] [104] [105] [106]
File: figure/chapter5/非线性动态逆系统框图.pdf Graphic file (type pdf)
<use figure/chapter5/非线性动态逆系统框图.pdf>

Overfull \hbox (8.48726pt too wide) in paragraph at lines 801--802
 [][] 
 []

[107]
File: matlab/param_recgnize/pdf/NDI_controler_track_roll/cmp_eular_roll.pdf Gra
phic file (type pdf)
<use matlab/param_recgnize/pdf/NDI_controler_track_roll/cmp_eular_roll.pdf>
File: matlab/param_recgnize/pdf/NDI_controler_track_roll/cmp_eular_pitch.pdf Gr
aphic file (type pdf)
<use matlab/param_recgnize/pdf/NDI_controler_track_roll/cmp_eular_pitch.pdf>
File: matlab/param_recgnize/pdf/NDI_controler_track_roll/cmp_eular_yaw.pdf Grap
hic file (type pdf)
<use matlab/param_recgnize/pdf/NDI_controler_track_roll/cmp_eular_yaw.pdf>
File: matlab/param_recgnize/pdf/NDI_controler_track_roll/cmp_effort_M_cv_x.pdf 
Graphic file (type pdf)
<use matlab/param_recgnize/pdf/NDI_controler_track_roll/cmp_effort_M_cv_x.pdf>
File: matlab/param_recgnize/pdf/NDI_controler_track_roll/cmp_effort_M_cv_y.pdf 
Graphic file (type pdf)
<use matlab/param_recgnize/pdf/NDI_controler_track_roll/cmp_effort_M_cv_y.pdf>
File: matlab/param_recgnize/pdf/NDI_controler_track_roll/cmp_effort_M_cv_z.pdf 
Graphic file (type pdf)
<use matlab/param_recgnize/pdf/NDI_controler_track_roll/cmp_effort_M_cv_z.pdf>
File: matlab/param_recgnize/pdf/NDI_controler_track_yaw/cmp_eular_roll.pdf Grap
hic file (type pdf)
<use matlab/param_recgnize/pdf/NDI_controler_track_yaw/cmp_eular_roll.pdf>
File: matlab/param_recgnize/pdf/NDI_controler_track_yaw/cmp_eular_pitch.pdf Gra
phic file (type pdf)
<use matlab/param_recgnize/pdf/NDI_controler_track_yaw/cmp_eular_pitch.pdf>
File: matlab/param_recgnize/pdf/NDI_controler_track_yaw/cmp_eular_yaw.pdf Graph
ic file (type pdf)
<use matlab/param_recgnize/pdf/NDI_controler_track_yaw/cmp_eular_yaw.pdf>
File: matlab/param_recgnize/pdf/NDI_controler_track_yaw/cmp_effort_M_cv_x.pdf G
raphic file (type pdf)
<use matlab/param_recgnize/pdf/NDI_controler_track_yaw/cmp_effort_M_cv_x.pdf>
File: matlab/param_recgnize/pdf/NDI_controler_track_yaw/cmp_effort_M_cv_y.pdf G
raphic file (type pdf)
<use matlab/param_recgnize/pdf/NDI_controler_track_yaw/cmp_effort_M_cv_y.pdf>
File: matlab/param_recgnize/pdf/NDI_controler_track_yaw/cmp_effort_M_cv_z.pdf G
raphic file (type pdf)
<use matlab/param_recgnize/pdf/NDI_controler_track_yaw/cmp_effort_M_cv_z.pdf>
 [108] [109] [110] [111]) [112] (chapter/conclusion.tex [113


]) [114]
[115

] [116] [117] [118] [119] [120] (chapter/appendix.tex [121] [122

] [123]
[124]) (chapter/pub.tex [125]) [126

] (main.aux)
 ***********
LaTeX2e <2023-11-01> patch level 1
L3 programming layer <2022/08/05>
 ***********
Package rerunfilecheck Info: File `main.out' has not changed.
(rerunfilecheck)             Checksum: B2AC64ED87A331C1E16A64E1271A082F;13548.
Package logreq Info: Writing requests to 'main.run.xml'.
\openout1 = `main.run.xml'.

 ) 
Here is how much of TeX's memory you used:
 36333 strings out of 409616
 740790 string characters out of 5778254
 1956191 words of memory out of 5000000
 57874 multiletter control sequences out of 15000+600000
 572322 words of font info for 126 fonts, out of 8000000 for 9000
 1348 hyphenation exceptions out of 8191
 94i,17n,107p,1408b,5009s stack positions out of 10000i,1000n,20000p,200000b,200000s

Output written on main.pdf (139 pages).
